---------------------------------------------------------------------------------------
      name:  <unnamed>
       log:  C:/Users/zsong98/Dropbox (Chicago Booth)/Bank Foot Traffic/code/LogFiles/a
> n_advan_bank_foottraffic.txt
  log type:  text
 opened on:  16 Jan 2023, 20:47:21

. 
. /**************
>         Read Data
>         ***************/
. ***     merge with the crosswalk to SOD 
.         * prepare the crosswalk between uninumbr and id_store
.         use "$datadir/source data/advan_sod_crosswalk", clear

.                 * drop duplicates regarding id_store for now
.                 duplicates drop id_store, force // 90 obs deleted for now

Duplicates in terms of id_store

(92 observations deleted)

.                 tempfile crosswalk 

.                 save `crosswalk'
file C:\Users\zsong98\AppData\Local\Temp\ST_2184_000001.tmp saved as .dta format

. 
.         use "$datadir/cleaned data/weekly_advan_traffic_updated20221004", clear

.         * inspect possible duplicates from data source
.         gduplicates tag id_store year week, gen(dup)

Duplicates in terms of id_store year week

.         gsort id_store year week 
--Break--
r(1);

end of do-file

--Break--
r(1);

. do "C:\Users\zsong98\AppData\Local\Temp\STD2184_000000.tmp"

. use "$datadir/temp_annual_dep_traffic", replace

. keep if year <= 2018
(85,706 observations deleted)

. foreach var of varlist devices_store devices_plot devices_store_or_plot traffic_store
>  traffic_plot traffic_store_or_plot {
  2.         eststo: reghdfe logdepsumbr_w `var', absorb(year id_store) vce(cl zipbr)
  3. }
(dropped 3881 singleton observations)
(MWFE estimator converged in 4 iterations)

HDFE Linear regression                            Number of obs   =     82,945
Absorbing 2 HDFE groups                           F(   1,   9664) =      48.65
Statistics robust to heteroskedasticity           Prob > F        =     0.0000
                                                  R-squared       =     0.9791
                                                  Adj R-squared   =     0.9684
                                                  Within R-sq.    =     0.0018
Number of clusters (zipbr)   =      9,665         Root MSE        =     0.1748

                               (Std. err. adjusted for 9,665 clusters in zipbr)
-------------------------------------------------------------------------------
              |               Robust
logdepsumbr_w | Coefficient  std. err.      t    P>|t|     [95% conf. interval]
--------------+----------------------------------------------------------------
devices_store |   .0212082   .0030407     6.97   0.000     .0152477    .0271687
        _cons |   11.04797   .0028851  3829.33   0.000     11.04232    11.05363
-------------------------------------------------------------------------------

Absorbed degrees of freedom:
-----------------------------------------------------+
 Absorbed FE | Categories  - Redundant  = Num. Coefs |
-------------+---------------------------------------|
        year |         3           0           3     |
    id_store |     27990           1       27989     |
-----------------------------------------------------+
(est1 stored)
(dropped 3881 singleton observations)
(MWFE estimator converged in 4 iterations)

HDFE Linear regression                            Number of obs   =     82,945
Absorbing 2 HDFE groups                           F(   1,   9664) =      98.06
Statistics robust to heteroskedasticity           Prob > F        =     0.0000
                                                  R-squared       =     0.9791
                                                  Adj R-squared   =     0.9684
                                                  Within R-sq.    =     0.0034
Number of clusters (zipbr)   =      9,665         Root MSE        =     0.1746

                              (Std. err. adjusted for 9,665 clusters in zipbr)
------------------------------------------------------------------------------
             |               Robust
logdepsumb~w | Coefficient  std. err.      t    P>|t|     [95% conf. interval]
-------------+----------------------------------------------------------------
devices_plot |   .0289643    .002925     9.90   0.000     .0232307    .0346978
       _cons |   11.02299   .0045567  2419.07   0.000     11.01405    11.03192
------------------------------------------------------------------------------

Absorbed degrees of freedom:
-----------------------------------------------------+
 Absorbed FE | Categories  - Redundant  = Num. Coefs |
-------------+---------------------------------------|
        year |         3           0           3     |
    id_store |     27990           1       27989     |
-----------------------------------------------------+
(est2 stored)
(dropped 3881 singleton observations)
(MWFE estimator converged in 4 iterations)

HDFE Linear regression                            Number of obs   =     82,945
Absorbing 2 HDFE groups                           F(   1,   9664) =      75.10
Statistics robust to heteroskedasticity           Prob > F        =     0.0000
                                                  R-squared       =     0.9791
                                                  Adj R-squared   =     0.9684
                                                  Within R-sq.    =     0.0027
Number of clusters (zipbr)   =      9,665         Root MSE        =     0.1747

                                      (Std. err. adjusted for 9,665 clusters in zipbr)
--------------------------------------------------------------------------------------
                     |               Robust
       logdepsumbr_w | Coefficient  std. err.      t    P>|t|     [95% conf. interval]
---------------------+----------------------------------------------------------------
devices_store_or_p~t |   .0301961   .0034845     8.67   0.000     .0233658    .0370265
               _cons |   11.00721   .0070252  1566.82   0.000     10.99344    11.02098
--------------------------------------------------------------------------------------

Absorbed degrees of freedom:
-----------------------------------------------------+
 Absorbed FE | Categories  - Redundant  = Num. Coefs |
-------------+---------------------------------------|
        year |         3           0           3     |
    id_store |     27990           1       27989     |
-----------------------------------------------------+
(est3 stored)
(dropped 3881 singleton observations)
(MWFE estimator converged in 4 iterations)

HDFE Linear regression                            Number of obs   =     82,945
Absorbing 2 HDFE groups                           F(   1,   9664) =      41.02
Statistics robust to heteroskedasticity           Prob > F        =     0.0000
                                                  R-squared       =     0.9791
                                                  Adj R-squared   =     0.9684
                                                  Within R-sq.    =     0.0015
Number of clusters (zipbr)   =      9,665         Root MSE        =     0.1748

                               (Std. err. adjusted for 9,665 clusters in zipbr)
-------------------------------------------------------------------------------
              |               Robust
logdepsumbr_w | Coefficient  std. err.      t    P>|t|     [95% conf. interval]
--------------+----------------------------------------------------------------
traffic_store |    .019137   .0029879     6.40   0.000     .0132801    .0249939
        _cons |   11.35692   .0450958   251.84   0.000     11.26852    11.44532
-------------------------------------------------------------------------------

Absorbed degrees of freedom:
-----------------------------------------------------+
 Absorbed FE | Categories  - Redundant  = Num. Coefs |
-------------+---------------------------------------|
        year |         3           0           3     |
    id_store |     27990           1       27989     |
-----------------------------------------------------+
(est4 stored)
(dropped 3881 singleton observations)
(MWFE estimator converged in 4 iterations)

HDFE Linear regression                            Number of obs   =     82,945
Absorbing 2 HDFE groups                           F(   1,   9664) =      85.22
Statistics robust to heteroskedasticity           Prob > F        =     0.0000
                                                  R-squared       =     0.9791
                                                  Adj R-squared   =     0.9684
                                                  Within R-sq.    =     0.0030
Number of clusters (zipbr)   =      9,665         Root MSE        =     0.1747

                              (Std. err. adjusted for 9,665 clusters in zipbr)
------------------------------------------------------------------------------
             |               Robust
logdepsumb~w | Coefficient  std. err.      t    P>|t|     [95% conf. interval]
-------------+----------------------------------------------------------------
traffic_plot |   .0271045   .0029361     9.23   0.000     .0213492    .0328598
       _cons |   11.46067    .042525   269.50   0.000     11.37731    11.54403
------------------------------------------------------------------------------

Absorbed degrees of freedom:
-----------------------------------------------------+
 Absorbed FE | Categories  - Redundant  = Num. Coefs |
-------------+---------------------------------------|
        year |         3           0           3     |
    id_store |     27990           1       27989     |
-----------------------------------------------------+
(est5 stored)
(dropped 3881 singleton observations)
(MWFE estimator converged in 4 iterations)

HDFE Linear regression                            Number of obs   =     82,945
Absorbing 2 HDFE groups                           F(   1,   9664) =      62.36
Statistics robust to heteroskedasticity           Prob > F        =     0.0000
                                                  R-squared       =     0.9791
                                                  Adj R-squared   =     0.9684
                                                  Within R-sq.    =     0.0022
Number of clusters (zipbr)   =      9,665         Root MSE        =     0.1747

                                      (Std. err. adjusted for 9,665 clusters in zipbr)
--------------------------------------------------------------------------------------
                     |               Robust
       logdepsumbr_w | Coefficient  std. err.      t    P>|t|     [95% conf. interval]
---------------------+----------------------------------------------------------------
traffic_store_or_p~t |   .0268501   .0034002     7.90   0.000     .0201851    .0335151
               _cons |   11.44467   .0476883   239.99   0.000     11.35119    11.53815
--------------------------------------------------------------------------------------

Absorbed degrees of freedom:
-----------------------------------------------------+
 Absorbed FE | Categories  - Redundant  = Num. Coefs |
-------------+---------------------------------------|
        year |         3           0           3     |
    id_store |     27990           1       27989     |
-----------------------------------------------------+
(est6 stored)

. esttab using "$tabdir/advan report/Table7.tex", replace ///
> nodepvars nomti nonum collabels(none) label b(3) se(3) parentheses ///
> star(* 0.10 ** 0.05 *** 0.01) ar2 plain lines fragment noconstant
(output written to /Users/zsong98/Dropbox (Chicago Booth)/Bank Foot Traffic/output/tabl
> es/zs/advan report/Table7.tex)

. * clear storeed est
. eststo clear

. 
. use "$datadir/temp_annual_dep_traffic", replace

. keep if year > 2018
(86,826 observations deleted)

. foreach var of varlist devices_store devices_plot devices_store_or_plot traffic_store
>  traffic_plot traffic_store_or_plot {
  2.         eststo: reghdfe logdepsumbr_w `var', absorb(year id_store) vce(cl zipbr)
  3. }
(dropped 914 singleton observations)
(MWFE estimator converged in 4 iterations)

HDFE Linear regression                            Number of obs   =     84,792
Absorbing 2 HDFE groups                           F(   1,   9679) =      11.23
Statistics robust to heteroskedasticity           Prob > F        =     0.0008
                                                  R-squared       =     0.9733
                                                  Adj R-squared   =     0.9595
                                                  Within R-sq.    =     0.0007
Number of clusters (zipbr)   =      9,680         Root MSE        =     0.1911

                               (Std. err. adjusted for 9,680 clusters in zipbr)
-------------------------------------------------------------------------------
              |               Robust
logdepsumbr_w | Coefficient  std. err.      t    P>|t|     [95% conf. interval]
--------------+----------------------------------------------------------------
devices_store |   .0174958    .005222     3.35   0.001     .0072596    .0277321
        _cons |    11.3356   .0081535  1390.28   0.000     11.31962    11.35158
-------------------------------------------------------------------------------

Absorbed degrees of freedom:
-----------------------------------------------------+
 Absorbed FE | Categories  - Redundant  = Num. Coefs |
-------------+---------------------------------------|
        year |         3           0           3     |
    id_store |     28992           1       28991     |
-----------------------------------------------------+
(est1 stored)
(dropped 914 singleton observations)
(MWFE estimator converged in 4 iterations)

HDFE Linear regression                            Number of obs   =     84,792
Absorbing 2 HDFE groups                           F(   1,   9679) =      14.43
Statistics robust to heteroskedasticity           Prob > F        =     0.0001
                                                  R-squared       =     0.9734
                                                  Adj R-squared   =     0.9595
                                                  Within R-sq.    =     0.0009
Number of clusters (zipbr)   =      9,680         Root MSE        =     0.1911

                              (Std. err. adjusted for 9,680 clusters in zipbr)
------------------------------------------------------------------------------
             |               Robust
logdepsumb~w | Coefficient  std. err.      t    P>|t|     [95% conf. interval]
-------------+----------------------------------------------------------------
devices_plot |    .023075   .0060746     3.80   0.000     .0111676    .0349824
       _cons |    11.3125    .013275   852.16   0.000     11.28648    11.33852
------------------------------------------------------------------------------

Absorbed degrees of freedom:
-----------------------------------------------------+
 Absorbed FE | Categories  - Redundant  = Num. Coefs |
-------------+---------------------------------------|
        year |         3           0           3     |
    id_store |     28992           1       28991     |
-----------------------------------------------------+
(est2 stored)
(dropped 914 singleton observations)
(MWFE estimator converged in 4 iterations)

HDFE Linear regression                            Number of obs   =     84,792
Absorbing 2 HDFE groups                           F(   1,   9679) =      13.14
Statistics robust to heteroskedasticity           Prob > F        =     0.0003
                                                  R-squared       =     0.9734
                                                  Adj R-squared   =     0.9595
                                                  Within R-sq.    =     0.0009
Number of clusters (zipbr)   =      9,680         Root MSE        =     0.1911

                                      (Std. err. adjusted for 9,680 clusters in zipbr)
--------------------------------------------------------------------------------------
                     |               Robust
       logdepsumbr_w | Coefficient  std. err.      t    P>|t|     [95% conf. interval]
---------------------+----------------------------------------------------------------
devices_store_or_p~t |   .0242606    .006693     3.62   0.000     .0111409    .0373803
               _cons |       11.3    .017357   651.03   0.000     11.26598    11.33403
--------------------------------------------------------------------------------------

Absorbed degrees of freedom:
-----------------------------------------------------+
 Absorbed FE | Categories  - Redundant  = Num. Coefs |
-------------+---------------------------------------|
        year |         3           0           3     |
    id_store |     28992           1       28991     |
-----------------------------------------------------+
(est3 stored)
(dropped 914 singleton observations)
(MWFE estimator converged in 4 iterations)

HDFE Linear regression                            Number of obs   =     84,792
Absorbing 2 HDFE groups                           F(   1,   9679) =       9.88
Statistics robust to heteroskedasticity           Prob > F        =     0.0017
                                                  R-squared       =     0.9733
                                                  Adj R-squared   =     0.9595
                                                  Within R-sq.    =     0.0006
Number of clusters (zipbr)   =      9,680         Root MSE        =     0.1911

                               (Std. err. adjusted for 9,680 clusters in zipbr)
-------------------------------------------------------------------------------
              |               Robust
logdepsumbr_w | Coefficient  std. err.      t    P>|t|     [95% conf. interval]
--------------+----------------------------------------------------------------
traffic_store |   .0162351    .005165     3.14   0.002     .0061107    .0263595
        _cons |   11.61158   .0791081   146.78   0.000     11.45651    11.76664
-------------------------------------------------------------------------------

Absorbed degrees of freedom:
-----------------------------------------------------+
 Absorbed FE | Categories  - Redundant  = Num. Coefs |
-------------+---------------------------------------|
        year |         3           0           3     |
    id_store |     28992           1       28991     |
-----------------------------------------------------+
(est4 stored)
(dropped 914 singleton observations)
(MWFE estimator converged in 4 iterations)

HDFE Linear regression                            Number of obs   =     84,792
Absorbing 2 HDFE groups                           F(   1,   9679) =      12.66
Statistics robust to heteroskedasticity           Prob > F        =     0.0004
                                                  R-squared       =     0.9734
                                                  Adj R-squared   =     0.9595
                                                  Within R-sq.    =     0.0008
Number of clusters (zipbr)   =      9,680         Root MSE        =     0.1911

                              (Std. err. adjusted for 9,680 clusters in zipbr)
------------------------------------------------------------------------------
             |               Robust
logdepsumb~w | Coefficient  std. err.      t    P>|t|     [95% conf. interval]
-------------+----------------------------------------------------------------
traffic_plot |   .0213277   .0059947     3.56   0.000     .0095768    .0330787
       _cons |   11.67628   .0880766   132.57   0.000     11.50363    11.84893
------------------------------------------------------------------------------

Absorbed degrees of freedom:
-----------------------------------------------------+
 Absorbed FE | Categories  - Redundant  = Num. Coefs |
-------------+---------------------------------------|
        year |         3           0           3     |
    id_store |     28992           1       28991     |
-----------------------------------------------------+
(est5 stored)
(dropped 914 singleton observations)
(MWFE estimator converged in 4 iterations)

HDFE Linear regression                            Number of obs   =     84,792
Absorbing 2 HDFE groups                           F(   1,   9679) =      11.38
Statistics robust to heteroskedasticity           Prob > F        =     0.0007
                                                  R-squared       =     0.9734
                                                  Adj R-squared   =     0.9595
                                                  Within R-sq.    =     0.0008
Number of clusters (zipbr)   =      9,680         Root MSE        =     0.1911

                                      (Std. err. adjusted for 9,680 clusters in zipbr)
--------------------------------------------------------------------------------------
                     |               Robust
       logdepsumbr_w | Coefficient  std. err.      t    P>|t|     [95% conf. interval]
---------------------+----------------------------------------------------------------
traffic_store_or_p~t |   .0221799   .0065737     3.37   0.001     .0092941    .0350656
               _cons |   11.67974   .0939002   124.38   0.000     11.49568    11.86381
--------------------------------------------------------------------------------------

Absorbed degrees of freedom:
-----------------------------------------------------+
 Absorbed FE | Categories  - Redundant  = Num. Coefs |
-------------+---------------------------------------|
        year |         3           0           3     |
    id_store |     28992           1       28991     |
-----------------------------------------------------+
(est6 stored)

. esttab using "$tabdir/advan report/Table8.tex", replace ///
> nodepvars nomti nonum collabels(none) label b(3) se(3) parentheses ///
> star(* 0.10 ** 0.05 *** 0.01) ar2 plain lines fragment noconstant
(file /Users/zsong98/Dropbox (Chicago Booth)/Bank Foot Traffic/output/tables/zs/advan
    report/Table8.tex not found)
(output written to /Users/zsong98/Dropbox (Chicago Booth)/Bank Foot Traffic/output/tabl
> es/zs/advan report/Table8.tex)

. * clear storeed est
. eststo clear

. 
end of do-file

. br

. sum

    Variable |        Obs        Mean    Std. dev.       Min        Max
-------------+---------------------------------------------------------
    id_store |     85,706     2912460     1386869    1861660    5955182
        year |     85,706    2019.971    .8128135       2019       2021
devices_st~e |     85,706    1.562992    .9068147  -2.302585   7.089411
devices_plot |     85,706    2.184488    1.109839  -2.302585   9.261126
devices_st~t |     85,706    2.594045    .8885866  -.2615868   9.261467
-------------+---------------------------------------------------------
     devices |     85,706    2.15e+07     1627527   1.88e+07   5.43e+07
  devices_50 |     85,706    319195.3    282846.1   44.75258    1550243
dwelled_st~e |     85,706   -.1757493     .955554  -2.302585   6.265712
dwelled_plot |     85,706    .4092538    1.138882  -2.302585   6.631789
dwelled_st~t |     85,706    .8484473    .9923762  -2.302585   6.633141
-------------+---------------------------------------------------------
   employees |     85,114   -2.065507    1.574026  -8.218787   4.589114
    uninumbr |     85,706    269013.8    148221.3          1     635581
        cert |     85,706      9122.4    12174.78        110      90290
       brnum |     85,706    2971.778    2784.653          1      10481
       zipbr |     85,706    47285.52    30575.12       1001      99929
-------------+---------------------------------------------------------
     consold |        471    1858.342    8880.352          0     190791
    brsertyp |     85,706    11.16611    1.261447         11         30
    depsumbr |     85,706    184230.9     3373480          0   6.21e+08
        bkmo |     85,706           0           0          0          0
    cntynumb |     85,706    80.05473    96.04595          1        840
-------------+---------------------------------------------------------
       csabr |     85,706    285.3137    171.4068          0        566
   divisionb |     85,706    10523.44    16159.63          0      48864
       msabr |     85,706    27721.93    13586.24          0      49740
     metrobr |     85,706    .9111031    .2845966          0          1
     microbr |     85,706    .0586773    .2350212          0          1
-------------+---------------------------------------------------------
     nectabr |     85,706           0           0          0          0
    placenum |     85,706           0           0          0          0
sims_latit~e |     85,703    37.55602    5.130622          0   71.29328
sims_longi~e |     85,703   -90.33237    16.58829  -162.5926          0
    stcntybr |     85,706    27134.04    15836.17       1001      56043
-------------+---------------------------------------------------------
     stnumbr |     85,706    27.05399    15.81306          1         56
     rssdhcr |     85,706     1305659    675770.9          0    5513804
      rssdid |     85,706    663583.2      575077      12311    4114567
        unit |     85,706           0           0          0          0
         zip |     85,706    39435.73    19365.04       1562      99362
-------------+---------------------------------------------------------
       asset |     85,706    1.08e+09    1.02e+09      66622   3.19e+09
      clcode |     85,706    6.922514    7.332848          3         42
      denovo |     85,706           0           0          0          0
      depdom |     85,706    7.65e+08    7.02e+08       2000   2.01e+09
      depsum |     85,706           0           0          0          0
-------------+---------------------------------------------------------
      docket |     73,310    3216.992    5215.162          0      18132
      escrow |          0
     fdicdbs |     85,706    7.317877    3.568742          2         14
         fed |     85,706    5.429877    2.668773          1         12
     insbrdd |          0
-------------+---------------------------------------------------------
     insbrts |          0
     occdist |     85,459    4.494296    1.877836          1          9
     specgrp |     85,706    5.457121    2.997257          1          9
      stcnty |     85,706    34082.41    13531.12       1005      55087
         usa |     85,706           1           0          1          1
-------------+---------------------------------------------------------
       totbr |          0
    namefull |          0
    addresbr |          0
      citybr |          0
    cntynamb |          0
-------------+---------------------------------------------------------
     stalpbr |          0
      brcenm |          0
cbsa_div_n~b |          0
     city2br |          0
    cntrynab |          0
-------------+---------------------------------------------------------
    csanambr |          0
     msanamb |          0
      namebr |          0
     necnamb |          0
sims_acqui~e |          0
-------------+---------------------------------------------------------
sims_estab~e |          0
sims_descr~n |          0
sims_proje~n |          0
    stnamebr |          0
     hctmult |          0
-------------+---------------------------------------------------------
     namehcr |          0
     cityhcr |          0
    stalphcr |          0
     address |          0
        city |          0
-------------+---------------------------------------------------------
       stalp |          0
     bkclass |          0
        call |          0
     charter |          0
    chrtagnn |          0
-------------+---------------------------------------------------------
    chrtagnt |          0
     cntryna |          0
    fdicname |          0
     fedname |          0
    insagnt1 |          0
-------------+---------------------------------------------------------
     insured |          0
     occname |          0
     regagnt |          0
    specdesc |          0
      stname |          0
-------------+---------------------------------------------------------
    cntyname |          0
traffic_st~e |     85,706   -15.31553    .9117008  -19.72348  -9.859138
traffic_plot |     85,706   -14.69404    1.120119  -20.11217  -7.700841
traffic_st~t |     85,706   -14.28448    .8963599  -17.37269    -7.7005
delta_devi~e |     85,187    .0374904    .4508751  -.9650565   42.75098
-------------+---------------------------------------------------------
logdiff_de~e |     85,187   -.0337263    .3792551  -3.354023   3.778514
delta~s_plot |     85,187    .0475054    4.491892  -.9954298    1302.02
logdi~s_plot |     85,187   -.0241816    .3323565  -5.388183    7.17244
delta_devi.. |     85,187    .0148287     3.36843  -.9864575   977.9028
logdiff_de.. |     85,187   -.0472103    .3226056  -4.301922   6.886432
-------------+---------------------------------------------------------
delta_traf~e |     85,187    .0011223    .4061903  -.9685234    50.7184
logdiff_tr~e |     85,187   -.0531857    .3338182  -3.458509   3.945813
delta~c_plot |     85,187    .0132838    3.592976  -.9951564   1039.474
logdi~c_plot |     85,187    -.043641    .2970572  -5.330094   6.947432
delta_traf.. |     85,187   -.0200984    2.690378  -.9856475   780.6635
-------------+---------------------------------------------------------
logdiff_tr.. |     85,187   -.0666698    .2777816  -4.243833   6.661424
tf_dwelled~e |     85,706   -17.05427    .9628837  -19.92618  -10.68284
tf_dw~d_plot |     85,706   -16.46927    1.151349  -20.11217  -10.33018
tf_dw~r_plot |     85,706   -16.03008     1.00262  -19.73795  -10.32883
tf_employees |     85,114   -18.94364    1.573429  -25.19308  -12.35944
-------------+---------------------------------------------------------
delta_dwel~e |     85,187    .1334773    .5509083  -.9447796   62.59754
logdiff_dw~e |     85,187    .0362702    .4309405  -2.896423   4.152575
delta_dwel.. |     85,187    .1349598    2.633674  -.9923061   743.4252
logdiff_dw.. |     85,187    .0317177    .4150505  -4.867321   6.612612
delta_dwel.. |     85,187    .0838312    1.525889  -.9902996    424.301
-------------+---------------------------------------------------------
logdiff_dw.. |     85,187    .0090863     .373122  -4.635594   6.052797
delta_empl~s |     84,549    .8502404     7.50078         -1   1455.231
logdiff_em~s |     84,153   -.0730409    1.111906  -6.599761   7.283607
delta_tf_d~e |     85,187     .094216    .4875911  -.9426364   55.76993
logdiff_tf~e |     85,187    .0168108    .3920935  -2.858345   4.039007
-------------+---------------------------------------------------------
delta_tf_d.. |     85,187    .1047646    2.122322   -.991466   593.4308
logdiff_tf.. |     85,187    .0122583    .3993506  -4.763697   6.387604
delta_tf_d.. |     85,187    .0497448    1.230921  -.9892405    338.607
logdiff_tf.. |     85,187   -.0103731    .3388332   -4.53197   5.827789
delta_tf_e~s |     84,549    .7854228    6.759789         -1   1159.993
-------------+---------------------------------------------------------
logdiff_tf~s |     84,153   -.0929066    1.090936  -6.503809   7.057031
 logdepsumbr |     85,160    11.38601    .9594932          0   20.24639
deltadepsu~r |     84,638    .6286747    98.20264         -1   27262.67
logdiffdep~r |     84,623    .1253716    .2496256  -8.966876   10.21331
  depsumbr_w |     85,706    129025.4    140045.2       1425     901000
-------------+---------------------------------------------------------
logdepsumb~w |     85,706    11.35375    .9547686   7.261927   13.71126
deltadepsu~w |     85,183     .183854    2.126183  -.9984185   507.4049
logdiffdep~w |     85,183    .1225558    .2343312  -6.449334   6.231278

. help tempfile

. do "C:\Users\zsong98\AppData\Local\Temp\STD2184_000000.tmp"

. use "$datadir/temp_annual_dep_traffic", replace

. collapse
invalid syntax
r(198);

end of do-file

r(198);

. help collapse

. do "C:\Users\zsong98\AppData\Local\Temp\STD2184_000000.tmp"

. use "$datadir/temp_annual_dep_traffic", replace

. collapse
invalid syntax
r(198);

end of do-file

r(198);

. do "C:\Users\zsong98\AppData\Local\Temp\STD2184_000000.tmp"

. use "$datadir/temp_annual_dep_traffic", replace

. preserve

.         collapse (mean) asset, by(rssdid)

.         egen median_asset = median(asset)

.         gen large_bank = 1 if asset >= asset

.         replace large_bank = 0 if asset < asset
(0 real changes made)

.         tab large_bank

 large_bank |      Freq.     Percent        Cum.
------------+-----------------------------------
          1 |        193      100.00      100.00
------------+-----------------------------------
      Total |        193      100.00

.         tempfile asset_median_split

.         save `asset_median_split'
file C:\Users\zsong98\AppData\Local\Temp\ST_2184_000002.tmp saved as .dta format

. restore

. fmerge m:1 rssdid using `asset_median_split', keepusing(large_bank)

    Result                           # of obs.
    -----------------------------------------
    not matched                             0
    matched                           172,532  (_merge==3)
    -----------------------------------------

. 
end of do-file

. do "C:\Users\zsong98\AppData\Local\Temp\STD2184_000000.tmp"

. use "$datadir/temp_annual_dep_traffic", replace

. preserve

.         collapse (mean) asset, by(rssdid)

.         egen median_asset = median(asset)

.         gen large_bank = 1 if asset >= median_asset
(97 missing values generated)

.         replace large_bank = 0 if asset < median_asset
(97 real changes made)

.         tab large_bank

 large_bank |      Freq.     Percent        Cum.
------------+-----------------------------------
          0 |         97       50.26       50.26
          1 |         96       49.74      100.00
------------+-----------------------------------
      Total |        193      100.00

.         tempfile asset_median_split

.         save `asset_median_split'
file C:\Users\zsong98\AppData\Local\Temp\ST_2184_000002.tmp saved as .dta format

. restore

. fmerge m:1 rssdid using `asset_median_split', keepusing(large_bank)

    Result                           # of obs.
    -----------------------------------------
    not matched                             0
    matched                           172,532  (_merge==3)
    -----------------------------------------

. 
end of do-file

. help merge

. do "C:\Users\zsong98\AppData\Local\Temp\STD2184_000000.tmp"

. use "$datadir/temp_annual_dep_traffic", replace

. preserve

.         collapse (mean) asset, by(rssdid)

.         egen median_asset = median(asset)

.         gen large_bank = 1 if asset >= median_asset
(97 missing values generated)

.         replace large_bank = 0 if asset < median_asset
(97 real changes made)

.         tab large_bank

 large_bank |      Freq.     Percent        Cum.
------------+-----------------------------------
          0 |         97       50.26       50.26
          1 |         96       49.74      100.00
------------+-----------------------------------
      Total |        193      100.00

.         tempfile asset_median_split

.         save `asset_median_split'
file C:\Users\zsong98\AppData\Local\Temp\ST_2184_000002.tmp saved as .dta format

. restore

. fmerge m:1 rssdid using `asset_median_split', keepusing(large_bank) nogen

    Result                           # of obs.
    -----------------------------------------
    not matched                             0
    matched                           172,532  
    -----------------------------------------

. 
end of do-file

. tab large_bank

 large_bank |      Freq.     Percent        Cum.
------------+-----------------------------------
          0 |      1,760        1.02        1.02
          1 |    170,772       98.98      100.00
------------+-----------------------------------
      Total |    172,532      100.00

. do "C:\Users\zsong98\AppData\Local\Temp\STD2184_000000.tmp"

. use "$datadir/temp_annual_dep_traffic", replace

. keep if year <= 2018
(85,706 observations deleted)

. foreach var of varlist devices_store devices_plot devices_store_or_plot traffic_store
>  traffic_plot traffic_store_or_plot {
  2.         eststo: reghdfe logdepsumbr_w `var', absorb(year id_store) vce(cl zipbr)
  3. }
(dropped 3881 singleton observations)
(MWFE estimator converged in 4 iterations)

HDFE Linear regression                            Number of obs   =     82,945
Absorbing 2 HDFE groups                           F(   1,   9664) =      48.65
Statistics robust to heteroskedasticity           Prob > F        =     0.0000
                                                  R-squared       =     0.9791
                                                  Adj R-squared   =     0.9684
                                                  Within R-sq.    =     0.0018
Number of clusters (zipbr)   =      9,665         Root MSE        =     0.1748

                               (Std. err. adjusted for 9,665 clusters in zipbr)
-------------------------------------------------------------------------------
              |               Robust
logdepsumbr_w | Coefficient  std. err.      t    P>|t|     [95% conf. interval]
--------------+----------------------------------------------------------------
devices_store |   .0212082   .0030407     6.97   0.000     .0152477    .0271687
        _cons |   11.04797   .0028851  3829.33   0.000     11.04232    11.05363
-------------------------------------------------------------------------------

Absorbed degrees of freedom:
-----------------------------------------------------+
 Absorbed FE | Categories  - Redundant  = Num. Coefs |
-------------+---------------------------------------|
        year |         3           0           3     |
    id_store |     27990           1       27989     |
-----------------------------------------------------+
(est1 stored)
(dropped 3881 singleton observations)
(MWFE estimator converged in 4 iterations)

HDFE Linear regression                            Number of obs   =     82,945
Absorbing 2 HDFE groups                           F(   1,   9664) =      98.06
Statistics robust to heteroskedasticity           Prob > F        =     0.0000
                                                  R-squared       =     0.9791
                                                  Adj R-squared   =     0.9684
                                                  Within R-sq.    =     0.0034
Number of clusters (zipbr)   =      9,665         Root MSE        =     0.1746

                              (Std. err. adjusted for 9,665 clusters in zipbr)
------------------------------------------------------------------------------
             |               Robust
logdepsumb~w | Coefficient  std. err.      t    P>|t|     [95% conf. interval]
-------------+----------------------------------------------------------------
devices_plot |   .0289643    .002925     9.90   0.000     .0232307    .0346978
       _cons |   11.02299   .0045567  2419.07   0.000     11.01405    11.03192
------------------------------------------------------------------------------

Absorbed degrees of freedom:
-----------------------------------------------------+
 Absorbed FE | Categories  - Redundant  = Num. Coefs |
-------------+---------------------------------------|
        year |         3           0           3     |
    id_store |     27990           1       27989     |
-----------------------------------------------------+
(est2 stored)
(dropped 3881 singleton observations)
(MWFE estimator converged in 4 iterations)

HDFE Linear regression                            Number of obs   =     82,945
Absorbing 2 HDFE groups                           F(   1,   9664) =      75.10
Statistics robust to heteroskedasticity           Prob > F        =     0.0000
                                                  R-squared       =     0.9791
                                                  Adj R-squared   =     0.9684
                                                  Within R-sq.    =     0.0027
Number of clusters (zipbr)   =      9,665         Root MSE        =     0.1747

                                      (Std. err. adjusted for 9,665 clusters in zipbr)
--------------------------------------------------------------------------------------
                     |               Robust
       logdepsumbr_w | Coefficient  std. err.      t    P>|t|     [95% conf. interval]
---------------------+----------------------------------------------------------------
devices_store_or_p~t |   .0301961   .0034845     8.67   0.000     .0233658    .0370265
               _cons |   11.00721   .0070252  1566.82   0.000     10.99344    11.02098
--------------------------------------------------------------------------------------

Absorbed degrees of freedom:
-----------------------------------------------------+
 Absorbed FE | Categories  - Redundant  = Num. Coefs |
-------------+---------------------------------------|
        year |         3           0           3     |
    id_store |     27990           1       27989     |
-----------------------------------------------------+
(est3 stored)
(dropped 3881 singleton observations)
(MWFE estimator converged in 4 iterations)

HDFE Linear regression                            Number of obs   =     82,945
Absorbing 2 HDFE groups                           F(   1,   9664) =      41.02
Statistics robust to heteroskedasticity           Prob > F        =     0.0000
                                                  R-squared       =     0.9791
                                                  Adj R-squared   =     0.9684
                                                  Within R-sq.    =     0.0015
Number of clusters (zipbr)   =      9,665         Root MSE        =     0.1748

                               (Std. err. adjusted for 9,665 clusters in zipbr)
-------------------------------------------------------------------------------
              |               Robust
logdepsumbr_w | Coefficient  std. err.      t    P>|t|     [95% conf. interval]
--------------+----------------------------------------------------------------
traffic_store |    .019137   .0029879     6.40   0.000     .0132801    .0249939
        _cons |   11.35692   .0450958   251.84   0.000     11.26852    11.44532
-------------------------------------------------------------------------------

Absorbed degrees of freedom:
-----------------------------------------------------+
 Absorbed FE | Categories  - Redundant  = Num. Coefs |
-------------+---------------------------------------|
        year |         3           0           3     |
    id_store |     27990           1       27989     |
-----------------------------------------------------+
(est4 stored)
(dropped 3881 singleton observations)
(MWFE estimator converged in 4 iterations)

HDFE Linear regression                            Number of obs   =     82,945
Absorbing 2 HDFE groups                           F(   1,   9664) =      85.22
Statistics robust to heteroskedasticity           Prob > F        =     0.0000
                                                  R-squared       =     0.9791
                                                  Adj R-squared   =     0.9684
                                                  Within R-sq.    =     0.0030
Number of clusters (zipbr)   =      9,665         Root MSE        =     0.1747

                              (Std. err. adjusted for 9,665 clusters in zipbr)
------------------------------------------------------------------------------
             |               Robust
logdepsumb~w | Coefficient  std. err.      t    P>|t|     [95% conf. interval]
-------------+----------------------------------------------------------------
traffic_plot |   .0271045   .0029361     9.23   0.000     .0213492    .0328598
       _cons |   11.46067    .042525   269.50   0.000     11.37731    11.54403
------------------------------------------------------------------------------

Absorbed degrees of freedom:
-----------------------------------------------------+
 Absorbed FE | Categories  - Redundant  = Num. Coefs |
-------------+---------------------------------------|
        year |         3           0           3     |
    id_store |     27990           1       27989     |
-----------------------------------------------------+
(est5 stored)
(dropped 3881 singleton observations)
(MWFE estimator converged in 4 iterations)

HDFE Linear regression                            Number of obs   =     82,945
Absorbing 2 HDFE groups                           F(   1,   9664) =      62.36
Statistics robust to heteroskedasticity           Prob > F        =     0.0000
                                                  R-squared       =     0.9791
                                                  Adj R-squared   =     0.9684
                                                  Within R-sq.    =     0.0022
Number of clusters (zipbr)   =      9,665         Root MSE        =     0.1747

                                      (Std. err. adjusted for 9,665 clusters in zipbr)
--------------------------------------------------------------------------------------
                     |               Robust
       logdepsumbr_w | Coefficient  std. err.      t    P>|t|     [95% conf. interval]
---------------------+----------------------------------------------------------------
traffic_store_or_p~t |   .0268501   .0034002     7.90   0.000     .0201851    .0335151
               _cons |   11.44467   .0476883   239.99   0.000     11.35119    11.53815
--------------------------------------------------------------------------------------

Absorbed degrees of freedom:
-----------------------------------------------------+
 Absorbed FE | Categories  - Redundant  = Num. Coefs |
-------------+---------------------------------------|
        year |         3           0           3     |
    id_store |     27990           1       27989     |
-----------------------------------------------------+
(est6 stored)

. esttab using "$tabdir/advan report/Table_earlyyears.tex", replace ///
> nodepvars nomti nonum collabels(none) label b(3) se(3) parentheses ///
> star(* 0.10 ** 0.05 *** 0.01) ar2 plain lines fragment noconstant
(file /Users/zsong98/Dropbox (Chicago Booth)/Bank Foot Traffic/output/tables/zs/advan
    report/Table_earlyyears.tex not found)
(output written to /Users/zsong98/Dropbox (Chicago Booth)/Bank Foot Traffic/output/tabl
> es/zs/advan report/Table_earlyyears.tex)

. * clear storeed est
. eststo clear

. 
. use "$datadir/temp_annual_dep_traffic", replace

. keep if year > 2018
(86,826 observations deleted)

. foreach var of varlist devices_store devices_plot devices_store_or_plot traffic_store
>  traffic_plot traffic_store_or_plot {
  2.         eststo: reghdfe logdepsumbr_w `var', absorb(year id_store) vce(cl zipbr)
  3. }
(dropped 914 singleton observations)
(MWFE estimator converged in 4 iterations)

HDFE Linear regression                            Number of obs   =     84,792
Absorbing 2 HDFE groups                           F(   1,   9679) =      11.23
Statistics robust to heteroskedasticity           Prob > F        =     0.0008
                                                  R-squared       =     0.9733
                                                  Adj R-squared   =     0.9595
                                                  Within R-sq.    =     0.0007
Number of clusters (zipbr)   =      9,680         Root MSE        =     0.1911

                               (Std. err. adjusted for 9,680 clusters in zipbr)
-------------------------------------------------------------------------------
              |               Robust
logdepsumbr_w | Coefficient  std. err.      t    P>|t|     [95% conf. interval]
--------------+----------------------------------------------------------------
devices_store |   .0174958    .005222     3.35   0.001     .0072596    .0277321
        _cons |    11.3356   .0081535  1390.28   0.000     11.31962    11.35158
-------------------------------------------------------------------------------

Absorbed degrees of freedom:
-----------------------------------------------------+
 Absorbed FE | Categories  - Redundant  = Num. Coefs |
-------------+---------------------------------------|
        year |         3           0           3     |
    id_store |     28992           1       28991     |
-----------------------------------------------------+
(est1 stored)
(dropped 914 singleton observations)
(MWFE estimator converged in 4 iterations)

HDFE Linear regression                            Number of obs   =     84,792
Absorbing 2 HDFE groups                           F(   1,   9679) =      14.43
Statistics robust to heteroskedasticity           Prob > F        =     0.0001
                                                  R-squared       =     0.9734
                                                  Adj R-squared   =     0.9595
                                                  Within R-sq.    =     0.0009
Number of clusters (zipbr)   =      9,680         Root MSE        =     0.1911

                              (Std. err. adjusted for 9,680 clusters in zipbr)
------------------------------------------------------------------------------
             |               Robust
logdepsumb~w | Coefficient  std. err.      t    P>|t|     [95% conf. interval]
-------------+----------------------------------------------------------------
devices_plot |    .023075   .0060746     3.80   0.000     .0111676    .0349824
       _cons |    11.3125    .013275   852.16   0.000     11.28648    11.33852
------------------------------------------------------------------------------

Absorbed degrees of freedom:
-----------------------------------------------------+
 Absorbed FE | Categories  - Redundant  = Num. Coefs |
-------------+---------------------------------------|
        year |         3           0           3     |
    id_store |     28992           1       28991     |
-----------------------------------------------------+
(est2 stored)
(dropped 914 singleton observations)
(MWFE estimator converged in 4 iterations)

HDFE Linear regression                            Number of obs   =     84,792
Absorbing 2 HDFE groups                           F(   1,   9679) =      13.14
Statistics robust to heteroskedasticity           Prob > F        =     0.0003
                                                  R-squared       =     0.9734
                                                  Adj R-squared   =     0.9595
                                                  Within R-sq.    =     0.0009
Number of clusters (zipbr)   =      9,680         Root MSE        =     0.1911

                                      (Std. err. adjusted for 9,680 clusters in zipbr)
--------------------------------------------------------------------------------------
                     |               Robust
       logdepsumbr_w | Coefficient  std. err.      t    P>|t|     [95% conf. interval]
---------------------+----------------------------------------------------------------
devices_store_or_p~t |   .0242606    .006693     3.62   0.000     .0111409    .0373803
               _cons |       11.3    .017357   651.03   0.000     11.26598    11.33403
--------------------------------------------------------------------------------------

Absorbed degrees of freedom:
-----------------------------------------------------+
 Absorbed FE | Categories  - Redundant  = Num. Coefs |
-------------+---------------------------------------|
        year |         3           0           3     |
    id_store |     28992           1       28991     |
-----------------------------------------------------+
(est3 stored)
(dropped 914 singleton observations)
(MWFE estimator converged in 4 iterations)

HDFE Linear regression                            Number of obs   =     84,792
Absorbing 2 HDFE groups                           F(   1,   9679) =       9.88
Statistics robust to heteroskedasticity           Prob > F        =     0.0017
                                                  R-squared       =     0.9733
                                                  Adj R-squared   =     0.9595
                                                  Within R-sq.    =     0.0006
Number of clusters (zipbr)   =      9,680         Root MSE        =     0.1911

                               (Std. err. adjusted for 9,680 clusters in zipbr)
-------------------------------------------------------------------------------
              |               Robust
logdepsumbr_w | Coefficient  std. err.      t    P>|t|     [95% conf. interval]
--------------+----------------------------------------------------------------
traffic_store |   .0162351    .005165     3.14   0.002     .0061107    .0263595
        _cons |   11.61158   .0791081   146.78   0.000     11.45651    11.76664
-------------------------------------------------------------------------------

Absorbed degrees of freedom:
-----------------------------------------------------+
 Absorbed FE | Categories  - Redundant  = Num. Coefs |
-------------+---------------------------------------|
        year |         3           0           3     |
    id_store |     28992           1       28991     |
-----------------------------------------------------+
(est4 stored)
(dropped 914 singleton observations)
(MWFE estimator converged in 4 iterations)

HDFE Linear regression                            Number of obs   =     84,792
Absorbing 2 HDFE groups                           F(   1,   9679) =      12.66
Statistics robust to heteroskedasticity           Prob > F        =     0.0004
                                                  R-squared       =     0.9734
                                                  Adj R-squared   =     0.9595
                                                  Within R-sq.    =     0.0008
Number of clusters (zipbr)   =      9,680         Root MSE        =     0.1911

                              (Std. err. adjusted for 9,680 clusters in zipbr)
------------------------------------------------------------------------------
             |               Robust
logdepsumb~w | Coefficient  std. err.      t    P>|t|     [95% conf. interval]
-------------+----------------------------------------------------------------
traffic_plot |   .0213277   .0059947     3.56   0.000     .0095768    .0330787
       _cons |   11.67628   .0880766   132.57   0.000     11.50363    11.84893
------------------------------------------------------------------------------

Absorbed degrees of freedom:
-----------------------------------------------------+
 Absorbed FE | Categories  - Redundant  = Num. Coefs |
-------------+---------------------------------------|
        year |         3           0           3     |
    id_store |     28992           1       28991     |
-----------------------------------------------------+
(est5 stored)
(dropped 914 singleton observations)
(MWFE estimator converged in 4 iterations)

HDFE Linear regression                            Number of obs   =     84,792
Absorbing 2 HDFE groups                           F(   1,   9679) =      11.38
Statistics robust to heteroskedasticity           Prob > F        =     0.0007
                                                  R-squared       =     0.9734
                                                  Adj R-squared   =     0.9595
                                                  Within R-sq.    =     0.0008
Number of clusters (zipbr)   =      9,680         Root MSE        =     0.1911

                                      (Std. err. adjusted for 9,680 clusters in zipbr)
--------------------------------------------------------------------------------------
                     |               Robust
       logdepsumbr_w | Coefficient  std. err.      t    P>|t|     [95% conf. interval]
---------------------+----------------------------------------------------------------
traffic_store_or_p~t |   .0221799   .0065737     3.37   0.001     .0092941    .0350656
               _cons |   11.67974   .0939002   124.38   0.000     11.49568    11.86381
--------------------------------------------------------------------------------------

Absorbed degrees of freedom:
-----------------------------------------------------+
 Absorbed FE | Categories  - Redundant  = Num. Coefs |
-------------+---------------------------------------|
        year |         3           0           3     |
    id_store |     28992           1       28991     |
-----------------------------------------------------+
(est6 stored)

. esttab using "$tabdir/advan report/Table_lateryears.tex", replace ///
> nodepvars nomti nonum collabels(none) label b(3) se(3) parentheses ///
> star(* 0.10 ** 0.05 *** 0.01) ar2 plain lines fragment noconstant
(file /Users/zsong98/Dropbox (Chicago Booth)/Bank Foot Traffic/output/tables/zs/advan
    report/Table_lateryears.tex not found)
(output written to /Users/zsong98/Dropbox (Chicago Booth)/Bank Foot Traffic/output/tabl
> es/zs/advan report/Table_lateryears.tex)

. * clear storeed est
. eststo clear

. 
. *** Table 9 and 10 *** (regressions of large banks and small banks)
. * obtain median bank asset size (avg across 6 years) threshold first
. use "$datadir/temp_annual_dep_traffic", replace

. preserve

.         collapse (mean) asset, by(rssdid)

.         egen median_asset = median(asset)

.         gen large_bank = 1 if asset >= median_asset
(97 missing values generated)

.         replace large_bank = 0 if asset < median_asset
(97 real changes made)

.         tab large_bank

 large_bank |      Freq.     Percent        Cum.
------------+-----------------------------------
          0 |         97       50.26       50.26
          1 |         96       49.74      100.00
------------+-----------------------------------
      Total |        193      100.00

.         tempfile asset_median_split

.         save `asset_median_split'
file C:\Users\zsong98\AppData\Local\Temp\ST_2184_000002.tmp saved as .dta format

. restore

. fmerge m:1 rssdid using `asset_median_split', keepusing(large_bank) nogen

    Result                           # of obs.
    -----------------------------------------
    not matched                             0
    matched                           172,532  
    -----------------------------------------

. tab large_bank

 large_bank |      Freq.     Percent        Cum.
------------+-----------------------------------
          0 |      1,760        1.02        1.02
          1 |    170,772       98.98      100.00
------------+-----------------------------------
      Total |    172,532      100.00

. * 99 percent of obs are from large banks, so splitting by bank size doesn't quite wor
> k... Still below are the results
. 
. use "$datadir/temp_annual_dep_traffic", replace

. keep if large_bank == 1
large_bank not found
r(111);

end of do-file

r(111);

. do "C:\Users\zsong98\AppData\Local\Temp\STD2184_000000.tmp"

. 
. *** Table 7 and 8 *** (regressions of 3 early years and 3 later years)
. use "$datadir/temp_annual_dep_traffic", replace

. keep if year <= 2018
(85,706 observations deleted)

. foreach var of varlist devices_store devices_plot devices_store_or_plot traffic_store
>  traffic_plot traffic_store_or_plot {
  2.         eststo: reghdfe logdepsumbr_w `var', absorb(year id_store) vce(cl zipbr)
  3. }
(dropped 3881 singleton observations)
(MWFE estimator converged in 4 iterations)

HDFE Linear regression                            Number of obs   =     82,945
Absorbing 2 HDFE groups                           F(   1,   9664) =      48.65
Statistics robust to heteroskedasticity           Prob > F        =     0.0000
                                                  R-squared       =     0.9791
                                                  Adj R-squared   =     0.9684
                                                  Within R-sq.    =     0.0018
Number of clusters (zipbr)   =      9,665         Root MSE        =     0.1748

                               (Std. err. adjusted for 9,665 clusters in zipbr)
-------------------------------------------------------------------------------
              |               Robust
logdepsumbr_w | Coefficient  std. err.      t    P>|t|     [95% conf. interval]
--------------+----------------------------------------------------------------
devices_store |   .0212082   .0030407     6.97   0.000     .0152477    .0271687
        _cons |   11.04797   .0028851  3829.33   0.000     11.04232    11.05363
-------------------------------------------------------------------------------

Absorbed degrees of freedom:
-----------------------------------------------------+
 Absorbed FE | Categories  - Redundant  = Num. Coefs |
-------------+---------------------------------------|
        year |         3           0           3     |
    id_store |     27990           1       27989     |
-----------------------------------------------------+
(est1 stored)
(dropped 3881 singleton observations)
(MWFE estimator converged in 4 iterations)

HDFE Linear regression                            Number of obs   =     82,945
Absorbing 2 HDFE groups                           F(   1,   9664) =      98.06
Statistics robust to heteroskedasticity           Prob > F        =     0.0000
                                                  R-squared       =     0.9791
                                                  Adj R-squared   =     0.9684
                                                  Within R-sq.    =     0.0034
Number of clusters (zipbr)   =      9,665         Root MSE        =     0.1746

                              (Std. err. adjusted for 9,665 clusters in zipbr)
------------------------------------------------------------------------------
             |               Robust
logdepsumb~w | Coefficient  std. err.      t    P>|t|     [95% conf. interval]
-------------+----------------------------------------------------------------
devices_plot |   .0289643    .002925     9.90   0.000     .0232307    .0346978
       _cons |   11.02299   .0045567  2419.07   0.000     11.01405    11.03192
------------------------------------------------------------------------------

Absorbed degrees of freedom:
-----------------------------------------------------+
 Absorbed FE | Categories  - Redundant  = Num. Coefs |
-------------+---------------------------------------|
        year |         3           0           3     |
    id_store |     27990           1       27989     |
-----------------------------------------------------+
(est2 stored)
(dropped 3881 singleton observations)
(MWFE estimator converged in 4 iterations)

HDFE Linear regression                            Number of obs   =     82,945
Absorbing 2 HDFE groups                           F(   1,   9664) =      75.10
Statistics robust to heteroskedasticity           Prob > F        =     0.0000
                                                  R-squared       =     0.9791
                                                  Adj R-squared   =     0.9684
                                                  Within R-sq.    =     0.0027
Number of clusters (zipbr)   =      9,665         Root MSE        =     0.1747

                                      (Std. err. adjusted for 9,665 clusters in zipbr)
--------------------------------------------------------------------------------------
                     |               Robust
       logdepsumbr_w | Coefficient  std. err.      t    P>|t|     [95% conf. interval]
---------------------+----------------------------------------------------------------
devices_store_or_p~t |   .0301961   .0034845     8.67   0.000     .0233658    .0370265
               _cons |   11.00721   .0070252  1566.82   0.000     10.99344    11.02098
--------------------------------------------------------------------------------------

Absorbed degrees of freedom:
-----------------------------------------------------+
 Absorbed FE | Categories  - Redundant  = Num. Coefs |
-------------+---------------------------------------|
        year |         3           0           3     |
    id_store |     27990           1       27989     |
-----------------------------------------------------+
(est3 stored)
(dropped 3881 singleton observations)
(MWFE estimator converged in 4 iterations)

HDFE Linear regression                            Number of obs   =     82,945
Absorbing 2 HDFE groups                           F(   1,   9664) =      41.02
Statistics robust to heteroskedasticity           Prob > F        =     0.0000
                                                  R-squared       =     0.9791
                                                  Adj R-squared   =     0.9684
                                                  Within R-sq.    =     0.0015
Number of clusters (zipbr)   =      9,665         Root MSE        =     0.1748

                               (Std. err. adjusted for 9,665 clusters in zipbr)
-------------------------------------------------------------------------------
              |               Robust
logdepsumbr_w | Coefficient  std. err.      t    P>|t|     [95% conf. interval]
--------------+----------------------------------------------------------------
traffic_store |    .019137   .0029879     6.40   0.000     .0132801    .0249939
        _cons |   11.35692   .0450958   251.84   0.000     11.26852    11.44532
-------------------------------------------------------------------------------

Absorbed degrees of freedom:
-----------------------------------------------------+
 Absorbed FE | Categories  - Redundant  = Num. Coefs |
-------------+---------------------------------------|
        year |         3           0           3     |
    id_store |     27990           1       27989     |
-----------------------------------------------------+
(est4 stored)
(dropped 3881 singleton observations)
(MWFE estimator converged in 4 iterations)

HDFE Linear regression                            Number of obs   =     82,945
Absorbing 2 HDFE groups                           F(   1,   9664) =      85.22
Statistics robust to heteroskedasticity           Prob > F        =     0.0000
                                                  R-squared       =     0.9791
                                                  Adj R-squared   =     0.9684
                                                  Within R-sq.    =     0.0030
Number of clusters (zipbr)   =      9,665         Root MSE        =     0.1747

                              (Std. err. adjusted for 9,665 clusters in zipbr)
------------------------------------------------------------------------------
             |               Robust
logdepsumb~w | Coefficient  std. err.      t    P>|t|     [95% conf. interval]
-------------+----------------------------------------------------------------
traffic_plot |   .0271045   .0029361     9.23   0.000     .0213492    .0328598
       _cons |   11.46067    .042525   269.50   0.000     11.37731    11.54403
------------------------------------------------------------------------------

Absorbed degrees of freedom:
-----------------------------------------------------+
 Absorbed FE | Categories  - Redundant  = Num. Coefs |
-------------+---------------------------------------|
        year |         3           0           3     |
    id_store |     27990           1       27989     |
-----------------------------------------------------+
(est5 stored)
(dropped 3881 singleton observations)
(MWFE estimator converged in 4 iterations)

HDFE Linear regression                            Number of obs   =     82,945
Absorbing 2 HDFE groups                           F(   1,   9664) =      62.36
Statistics robust to heteroskedasticity           Prob > F        =     0.0000
                                                  R-squared       =     0.9791
                                                  Adj R-squared   =     0.9684
                                                  Within R-sq.    =     0.0022
Number of clusters (zipbr)   =      9,665         Root MSE        =     0.1747

                                      (Std. err. adjusted for 9,665 clusters in zipbr)
--------------------------------------------------------------------------------------
                     |               Robust
       logdepsumbr_w | Coefficient  std. err.      t    P>|t|     [95% conf. interval]
---------------------+----------------------------------------------------------------
traffic_store_or_p~t |   .0268501   .0034002     7.90   0.000     .0201851    .0335151
               _cons |   11.44467   .0476883   239.99   0.000     11.35119    11.53815
--------------------------------------------------------------------------------------

Absorbed degrees of freedom:
-----------------------------------------------------+
 Absorbed FE | Categories  - Redundant  = Num. Coefs |
-------------+---------------------------------------|
        year |         3           0           3     |
    id_store |     27990           1       27989     |
-----------------------------------------------------+
(est6 stored)

. esttab using "$tabdir/advan report/Table_earlyyears.tex", replace ///
> nodepvars nomti nonum collabels(none) label b(3) se(3) parentheses ///
> star(* 0.10 ** 0.05 *** 0.01) ar2 plain lines fragment noconstant
(output written to /Users/zsong98/Dropbox (Chicago Booth)/Bank Foot Traffic/output/tabl
> es/zs/advan report/Table_earlyyears.tex)

. * clear storeed est
. eststo clear

. 
. use "$datadir/temp_annual_dep_traffic", replace

. keep if year > 2018
(86,826 observations deleted)

. foreach var of varlist devices_store devices_plot devices_store_or_plot traffic_store
>  traffic_plot traffic_store_or_plot {
  2.         eststo: reghdfe logdepsumbr_w `var', absorb(year id_store) vce(cl zipbr)
  3. }
(dropped 914 singleton observations)
(MWFE estimator converged in 4 iterations)

HDFE Linear regression                            Number of obs   =     84,792
Absorbing 2 HDFE groups                           F(   1,   9679) =      11.23
Statistics robust to heteroskedasticity           Prob > F        =     0.0008
                                                  R-squared       =     0.9733
                                                  Adj R-squared   =     0.9595
                                                  Within R-sq.    =     0.0007
Number of clusters (zipbr)   =      9,680         Root MSE        =     0.1911

                               (Std. err. adjusted for 9,680 clusters in zipbr)
-------------------------------------------------------------------------------
              |               Robust
logdepsumbr_w | Coefficient  std. err.      t    P>|t|     [95% conf. interval]
--------------+----------------------------------------------------------------
devices_store |   .0174958    .005222     3.35   0.001     .0072596    .0277321
        _cons |    11.3356   .0081535  1390.28   0.000     11.31962    11.35158
-------------------------------------------------------------------------------

Absorbed degrees of freedom:
-----------------------------------------------------+
 Absorbed FE | Categories  - Redundant  = Num. Coefs |
-------------+---------------------------------------|
        year |         3           0           3     |
    id_store |     28992           1       28991     |
-----------------------------------------------------+
(est1 stored)
(dropped 914 singleton observations)
(MWFE estimator converged in 4 iterations)

HDFE Linear regression                            Number of obs   =     84,792
Absorbing 2 HDFE groups                           F(   1,   9679) =      14.43
Statistics robust to heteroskedasticity           Prob > F        =     0.0001
                                                  R-squared       =     0.9734
                                                  Adj R-squared   =     0.9595
                                                  Within R-sq.    =     0.0009
Number of clusters (zipbr)   =      9,680         Root MSE        =     0.1911

                              (Std. err. adjusted for 9,680 clusters in zipbr)
------------------------------------------------------------------------------
             |               Robust
logdepsumb~w | Coefficient  std. err.      t    P>|t|     [95% conf. interval]
-------------+----------------------------------------------------------------
devices_plot |    .023075   .0060746     3.80   0.000     .0111676    .0349824
       _cons |    11.3125    .013275   852.16   0.000     11.28648    11.33852
------------------------------------------------------------------------------

Absorbed degrees of freedom:
-----------------------------------------------------+
 Absorbed FE | Categories  - Redundant  = Num. Coefs |
-------------+---------------------------------------|
        year |         3           0           3     |
    id_store |     28992           1       28991     |
-----------------------------------------------------+
(est2 stored)
(dropped 914 singleton observations)
(MWFE estimator converged in 4 iterations)

HDFE Linear regression                            Number of obs   =     84,792
Absorbing 2 HDFE groups                           F(   1,   9679) =      13.14
Statistics robust to heteroskedasticity           Prob > F        =     0.0003
                                                  R-squared       =     0.9734
                                                  Adj R-squared   =     0.9595
                                                  Within R-sq.    =     0.0009
Number of clusters (zipbr)   =      9,680         Root MSE        =     0.1911

                                      (Std. err. adjusted for 9,680 clusters in zipbr)
--------------------------------------------------------------------------------------
                     |               Robust
       logdepsumbr_w | Coefficient  std. err.      t    P>|t|     [95% conf. interval]
---------------------+----------------------------------------------------------------
devices_store_or_p~t |   .0242606    .006693     3.62   0.000     .0111409    .0373803
               _cons |       11.3    .017357   651.03   0.000     11.26598    11.33403
--------------------------------------------------------------------------------------

Absorbed degrees of freedom:
-----------------------------------------------------+
 Absorbed FE | Categories  - Redundant  = Num. Coefs |
-------------+---------------------------------------|
        year |         3           0           3     |
    id_store |     28992           1       28991     |
-----------------------------------------------------+
(est3 stored)
(dropped 914 singleton observations)
(MWFE estimator converged in 4 iterations)

HDFE Linear regression                            Number of obs   =     84,792
Absorbing 2 HDFE groups                           F(   1,   9679) =       9.88
Statistics robust to heteroskedasticity           Prob > F        =     0.0017
                                                  R-squared       =     0.9733
                                                  Adj R-squared   =     0.9595
                                                  Within R-sq.    =     0.0006
Number of clusters (zipbr)   =      9,680         Root MSE        =     0.1911

                               (Std. err. adjusted for 9,680 clusters in zipbr)
-------------------------------------------------------------------------------
              |               Robust
logdepsumbr_w | Coefficient  std. err.      t    P>|t|     [95% conf. interval]
--------------+----------------------------------------------------------------
traffic_store |   .0162351    .005165     3.14   0.002     .0061107    .0263595
        _cons |   11.61158   .0791081   146.78   0.000     11.45651    11.76664
-------------------------------------------------------------------------------

Absorbed degrees of freedom:
-----------------------------------------------------+
 Absorbed FE | Categories  - Redundant  = Num. Coefs |
-------------+---------------------------------------|
        year |         3           0           3     |
    id_store |     28992           1       28991     |
-----------------------------------------------------+
(est4 stored)
(dropped 914 singleton observations)
(MWFE estimator converged in 4 iterations)

HDFE Linear regression                            Number of obs   =     84,792
Absorbing 2 HDFE groups                           F(   1,   9679) =      12.66
Statistics robust to heteroskedasticity           Prob > F        =     0.0004
                                                  R-squared       =     0.9734
                                                  Adj R-squared   =     0.9595
                                                  Within R-sq.    =     0.0008
Number of clusters (zipbr)   =      9,680         Root MSE        =     0.1911

                              (Std. err. adjusted for 9,680 clusters in zipbr)
------------------------------------------------------------------------------
             |               Robust
logdepsumb~w | Coefficient  std. err.      t    P>|t|     [95% conf. interval]
-------------+----------------------------------------------------------------
traffic_plot |   .0213277   .0059947     3.56   0.000     .0095768    .0330787
       _cons |   11.67628   .0880766   132.57   0.000     11.50363    11.84893
------------------------------------------------------------------------------

Absorbed degrees of freedom:
-----------------------------------------------------+
 Absorbed FE | Categories  - Redundant  = Num. Coefs |
-------------+---------------------------------------|
        year |         3           0           3     |
    id_store |     28992           1       28991     |
-----------------------------------------------------+
(est5 stored)
(dropped 914 singleton observations)
(MWFE estimator converged in 4 iterations)

HDFE Linear regression                            Number of obs   =     84,792
Absorbing 2 HDFE groups                           F(   1,   9679) =      11.38
Statistics robust to heteroskedasticity           Prob > F        =     0.0007
                                                  R-squared       =     0.9734
                                                  Adj R-squared   =     0.9595
                                                  Within R-sq.    =     0.0008
Number of clusters (zipbr)   =      9,680         Root MSE        =     0.1911

                                      (Std. err. adjusted for 9,680 clusters in zipbr)
--------------------------------------------------------------------------------------
                     |               Robust
       logdepsumbr_w | Coefficient  std. err.      t    P>|t|     [95% conf. interval]
---------------------+----------------------------------------------------------------
traffic_store_or_p~t |   .0221799   .0065737     3.37   0.001     .0092941    .0350656
               _cons |   11.67974   .0939002   124.38   0.000     11.49568    11.86381
--------------------------------------------------------------------------------------

Absorbed degrees of freedom:
-----------------------------------------------------+
 Absorbed FE | Categories  - Redundant  = Num. Coefs |
-------------+---------------------------------------|
        year |         3           0           3     |
    id_store |     28992           1       28991     |
-----------------------------------------------------+
(est6 stored)

. esttab using "$tabdir/advan report/Table_lateryears.tex", replace ///
> nodepvars nomti nonum collabels(none) label b(3) se(3) parentheses ///
> star(* 0.10 ** 0.05 *** 0.01) ar2 plain lines fragment noconstant
(output written to /Users/zsong98/Dropbox (Chicago Booth)/Bank Foot Traffic/output/tabl
> es/zs/advan report/Table_lateryears.tex)

. * clear storeed est
. eststo clear

. 
. *** Table 9 and 10 *** (regressions of large banks and small banks)
. * obtain median bank asset size (avg across 6 years) threshold first
. use "$datadir/temp_annual_dep_traffic", replace

. preserve

.         collapse (mean) asset, by(rssdid)

.         egen median_asset = median(asset)

.         gen large_bank = 1 if asset >= median_asset
(97 missing values generated)

.         replace large_bank = 0 if asset < median_asset
(97 real changes made)

.         tab large_bank

 large_bank |      Freq.     Percent        Cum.
------------+-----------------------------------
          0 |         97       50.26       50.26
          1 |         96       49.74      100.00
------------+-----------------------------------
      Total |        193      100.00

.         tempfile asset_median_split

.         save `asset_median_split'
file C:\Users\zsong98\AppData\Local\Temp\ST_2184_000002.tmp saved as .dta format

. restore

. fmerge m:1 rssdid using `asset_median_split', keepusing(large_bank) nogen

    Result                           # of obs.
    -----------------------------------------
    not matched                             0
    matched                           172,532  
    -----------------------------------------

. tab large_bank

 large_bank |      Freq.     Percent        Cum.
------------+-----------------------------------
          0 |      1,760        1.02        1.02
          1 |    170,772       98.98      100.00
------------+-----------------------------------
      Total |    172,532      100.00

. * 99 percent of obs are from large banks, so splitting by bank size doesn't quite wor
> k... Still below are the results
. 
. preserve 

.         keep if large_bank == 1
(1,760 observations deleted)

.         foreach var of varlist devices_store devices_plot devices_store_or_plot traff
> ic_store traffic_plot traffic_store_or_plot {
  2.                 eststo: reghdfe logdepsumbr_w `var', absorb(year id_store) vce(cl 
> zipbr)
  3.         }
(dropped 639 singleton observations)
(MWFE estimator converged in 5 iterations)

HDFE Linear regression                            Number of obs   =    170,133
Absorbing 2 HDFE groups                           F(   1,  10095) =     156.86
Statistics robust to heteroskedasticity           Prob > F        =     0.0000
                                                  R-squared       =     0.9568
                                                  Adj R-squared   =     0.9470
                                                  Within R-sq.    =     0.0034
Number of clusters (zipbr)   =     10,096         Root MSE        =     0.2254

                              (Std. err. adjusted for 10,096 clusters in zipbr)
-------------------------------------------------------------------------------
              |               Robust
logdepsumbr_w | Coefficient  std. err.      t    P>|t|     [95% conf. interval]
--------------+----------------------------------------------------------------
devices_store |   .0350852   .0028014    12.52   0.000      .029594    .0405764
        _cons |   11.16677   .0035504  3145.23   0.000     11.15981    11.17373
-------------------------------------------------------------------------------

Absorbed degrees of freedom:
-----------------------------------------------------+
 Absorbed FE | Categories  - Redundant  = Num. Coefs |
-------------+---------------------------------------|
        year |         6           0           6     |
    id_store |     31460           1       31459     |
-----------------------------------------------------+
(est1 stored)
(dropped 639 singleton observations)
(MWFE estimator converged in 5 iterations)

HDFE Linear regression                            Number of obs   =    170,133
Absorbing 2 HDFE groups                           F(   1,  10095) =     196.83
Statistics robust to heteroskedasticity           Prob > F        =     0.0000
                                                  R-squared       =     0.9568
                                                  Adj R-squared   =     0.9470
                                                  Within R-sq.    =     0.0040
Number of clusters (zipbr)   =     10,096         Root MSE        =     0.2253

                             (Std. err. adjusted for 10,096 clusters in zipbr)
------------------------------------------------------------------------------
             |               Robust
logdepsumb~w | Coefficient  std. err.      t    P>|t|     [95% conf. interval]
-------------+----------------------------------------------------------------
devices_plot |   .0419249   .0029883    14.03   0.000     .0360672    .0477826
       _cons |    11.1322   .0056346  1975.69   0.000     11.12115    11.14324
------------------------------------------------------------------------------

Absorbed degrees of freedom:
-----------------------------------------------------+
 Absorbed FE | Categories  - Redundant  = Num. Coefs |
-------------+---------------------------------------|
        year |         6           0           6     |
    id_store |     31460           1       31459     |
-----------------------------------------------------+
(est2 stored)
(dropped 639 singleton observations)
(MWFE estimator converged in 5 iterations)

HDFE Linear regression                            Number of obs   =    170,133
Absorbing 2 HDFE groups                           F(   1,  10095) =     180.29
Statistics robust to heteroskedasticity           Prob > F        =     0.0000
                                                  R-squared       =     0.9568
                                                  Adj R-squared   =     0.9470
                                                  Within R-sq.    =     0.0038
Number of clusters (zipbr)   =     10,096         Root MSE        =     0.2253

                                     (Std. err. adjusted for 10,096 clusters in zipbr)
--------------------------------------------------------------------------------------
                     |               Robust
       logdepsumbr_w | Coefficient  std. err.      t    P>|t|     [95% conf. interval]
---------------------+----------------------------------------------------------------
devices_store_or_p~t |   .0451849   .0033652    13.43   0.000     .0385884    .0517813
               _cons |   11.10649   .0078013  1423.67   0.000      11.0912    11.12179
--------------------------------------------------------------------------------------

Absorbed degrees of freedom:
-----------------------------------------------------+
 Absorbed FE | Categories  - Redundant  = Num. Coefs |
-------------+---------------------------------------|
        year |         6           0           6     |
    id_store |     31460           1       31459     |
-----------------------------------------------------+
(est3 stored)
(dropped 639 singleton observations)
(MWFE estimator converged in 5 iterations)

HDFE Linear regression                            Number of obs   =    170,133
Absorbing 2 HDFE groups                           F(   1,  10095) =     119.46
Statistics robust to heteroskedasticity           Prob > F        =     0.0000
                                                  R-squared       =     0.9567
                                                  Adj R-squared   =     0.9469
                                                  Within R-sq.    =     0.0026
Number of clusters (zipbr)   =     10,096         Root MSE        =     0.2254

                              (Std. err. adjusted for 10,096 clusters in zipbr)
-------------------------------------------------------------------------------
              |               Robust
logdepsumbr_w | Coefficient  std. err.      t    P>|t|     [95% conf. interval]
--------------+----------------------------------------------------------------
traffic_store |   .0302316    .002766    10.93   0.000     .0248097    .0356535
        _cons |   11.67093   .0420614   277.47   0.000     11.58849    11.75338
-------------------------------------------------------------------------------

Absorbed degrees of freedom:
-----------------------------------------------------+
 Absorbed FE | Categories  - Redundant  = Num. Coefs |
-------------+---------------------------------------|
        year |         6           0           6     |
    id_store |     31460           1       31459     |
-----------------------------------------------------+
(est4 stored)
(dropped 639 singleton observations)
(MWFE estimator converged in 5 iterations)

HDFE Linear regression                            Number of obs   =    170,133
Absorbing 2 HDFE groups                           F(   1,  10095) =     148.60
Statistics robust to heteroskedasticity           Prob > F        =     0.0000
                                                  R-squared       =     0.9568
                                                  Adj R-squared   =     0.9470
                                                  Within R-sq.    =     0.0031
Number of clusters (zipbr)   =     10,096         Root MSE        =     0.2254

                             (Std. err. adjusted for 10,096 clusters in zipbr)
------------------------------------------------------------------------------
             |               Robust
logdepsumb~w | Coefficient  std. err.      t    P>|t|     [95% conf. interval]
-------------+----------------------------------------------------------------
traffic_plot |   .0364157   .0029873    12.19   0.000       .03056    .0422714
       _cons |   11.74247   .0435797   269.45   0.000     11.65705     11.8279
------------------------------------------------------------------------------

Absorbed degrees of freedom:
-----------------------------------------------------+
 Absorbed FE | Categories  - Redundant  = Num. Coefs |
-------------+---------------------------------------|
        year |         6           0           6     |
    id_store |     31460           1       31459     |
-----------------------------------------------------+
(est5 stored)
(dropped 639 singleton observations)
(MWFE estimator converged in 5 iterations)

HDFE Linear regression                            Number of obs   =    170,133
Absorbing 2 HDFE groups                           F(   1,  10095) =     129.71
Statistics robust to heteroskedasticity           Prob > F        =     0.0000
                                                  R-squared       =     0.9568
                                                  Adj R-squared   =     0.9469
                                                  Within R-sq.    =     0.0028
Number of clusters (zipbr)   =     10,096         Root MSE        =     0.2254

                                     (Std. err. adjusted for 10,096 clusters in zipbr)
--------------------------------------------------------------------------------------
                     |               Robust
       logdepsumbr_w | Coefficient  std. err.      t    P>|t|     [95% conf. interval]
---------------------+----------------------------------------------------------------
traffic_store_or_p~t |   .0376835   .0033088    11.39   0.000     .0311977    .0441694
               _cons |   11.74466   .0468374   250.75   0.000     11.65285    11.83647
--------------------------------------------------------------------------------------

Absorbed degrees of freedom:
-----------------------------------------------------+
 Absorbed FE | Categories  - Redundant  = Num. Coefs |
-------------+---------------------------------------|
        year |         6           0           6     |
    id_store |     31460           1       31459     |
-----------------------------------------------------+
(est6 stored)

.         esttab using "$tabdir/advan report/Table_largebanks.tex", replace ///
>         nodepvars nomti nonum collabels(none) label b(3) se(3) parentheses ///
>         star(* 0.10 ** 0.05 *** 0.01) ar2 plain lines fragment noconstant
(file /Users/zsong98/Dropbox (Chicago Booth)/Bank Foot Traffic/output/tables/zs/advan
    report/Table_largebanks.tex not found)
(output written to /Users/zsong98/Dropbox (Chicago Booth)/Bank Foot Traffic/output/tabl
> es/zs/advan report/Table_largebanks.tex)

.         * clear storeed est
.         eststo clear

. restore

. preserve

.         keep if large_bank == 0
(170,772 observations deleted)

.         foreach var of varlist devices_store devices_plot devices_store_or_plot traff
> ic_store traffic_plot traffic_store_or_plot {
  2.                 eststo: reghdfe logdepsumbr_w `var', absorb(year id_store) vce(cl 
> zipbr)
  3.         }
(dropped 69 singleton observations)
(MWFE estimator converged in 6 iterations)

HDFE Linear regression                            Number of obs   =      1,691
Absorbing 2 HDFE groups                           F(   1,    323) =       0.01
Statistics robust to heteroskedasticity           Prob > F        =     0.9319
                                                  R-squared       =     0.9508
                                                  Adj R-squared   =     0.9370
                                                  Within R-sq.    =     0.0000
Number of clusters (zipbr)   =        324         Root MSE        =     0.2467

                                 (Std. err. adjusted for 324 clusters in zipbr)
-------------------------------------------------------------------------------
              |               Robust
logdepsumbr_w | Coefficient  std. err.      t    P>|t|     [95% conf. interval]
--------------+----------------------------------------------------------------
devices_store |  -.0024482   .0286393    -0.09   0.932    -.0587914    .0538949
        _cons |    10.6112   .0172873   613.81   0.000     10.57719    10.64521
-------------------------------------------------------------------------------

Absorbed degrees of freedom:
-----------------------------------------------------+
 Absorbed FE | Categories  - Redundant  = Num. Coefs |
-------------+---------------------------------------|
        year |         6           0           6     |
    id_store |       365           1         364     |
-----------------------------------------------------+
(est1 stored)
(dropped 69 singleton observations)
(MWFE estimator converged in 6 iterations)

HDFE Linear regression                            Number of obs   =      1,691
Absorbing 2 HDFE groups                           F(   1,    323) =       0.01
Statistics robust to heteroskedasticity           Prob > F        =     0.9258
                                                  R-squared       =     0.9508
                                                  Adj R-squared   =     0.9370
                                                  Within R-sq.    =     0.0000
Number of clusters (zipbr)   =        324         Root MSE        =     0.2467

                                (Std. err. adjusted for 324 clusters in zipbr)
------------------------------------------------------------------------------
             |               Robust
logdepsumb~w | Coefficient  std. err.      t    P>|t|     [95% conf. interval]
-------------+----------------------------------------------------------------
devices_plot |   .0023952   .0257098     0.09   0.926    -.0481846    .0529751
       _cons |   10.60682   .0311248   340.78   0.000     10.54559    10.66806
------------------------------------------------------------------------------

Absorbed degrees of freedom:
-----------------------------------------------------+
 Absorbed FE | Categories  - Redundant  = Num. Coefs |
-------------+---------------------------------------|
        year |         6           0           6     |
    id_store |       365           1         364     |
-----------------------------------------------------+
(est2 stored)
(dropped 69 singleton observations)
(MWFE estimator converged in 6 iterations)

HDFE Linear regression                            Number of obs   =      1,691
Absorbing 2 HDFE groups                           F(   1,    323) =       0.00
Statistics robust to heteroskedasticity           Prob > F        =     0.9558
                                                  R-squared       =     0.9508
                                                  Adj R-squared   =     0.9370
                                                  Within R-sq.    =     0.0000
Number of clusters (zipbr)   =        324         Root MSE        =     0.2467

                                        (Std. err. adjusted for 324 clusters in zipbr)
--------------------------------------------------------------------------------------
                     |               Robust
       logdepsumbr_w | Coefficient  std. err.      t    P>|t|     [95% conf. interval]
---------------------+----------------------------------------------------------------
devices_store_or_p~t |  -.0019512   .0352116    -0.06   0.956    -.0712243    .0673219
               _cons |   10.61296   .0583634   181.84   0.000     10.49814    10.72778
--------------------------------------------------------------------------------------

Absorbed degrees of freedom:
-----------------------------------------------------+
 Absorbed FE | Categories  - Redundant  = Num. Coefs |
-------------+---------------------------------------|
        year |         6           0           6     |
    id_store |       365           1         364     |
-----------------------------------------------------+
(est3 stored)
(dropped 69 singleton observations)
(MWFE estimator converged in 6 iterations)

HDFE Linear regression                            Number of obs   =      1,691
Absorbing 2 HDFE groups                           F(   1,    323) =       0.19
Statistics robust to heteroskedasticity           Prob > F        =     0.6655
                                                  R-squared       =     0.9508
                                                  Adj R-squared   =     0.9370
                                                  Within R-sq.    =     0.0004
Number of clusters (zipbr)   =        324         Root MSE        =     0.2466

                                 (Std. err. adjusted for 324 clusters in zipbr)
-------------------------------------------------------------------------------
              |               Robust
logdepsumbr_w | Coefficient  std. err.      t    P>|t|     [95% conf. interval]
--------------+----------------------------------------------------------------
traffic_store |  -.0124342   .0287323    -0.43   0.665    -.0689604    .0440919
        _cons |   10.41191    .457103    22.78   0.000     9.512634    11.31118
-------------------------------------------------------------------------------

Absorbed degrees of freedom:
-----------------------------------------------------+
 Absorbed FE | Categories  - Redundant  = Num. Coefs |
-------------+---------------------------------------|
        year |         6           0           6     |
    id_store |       365           1         364     |
-----------------------------------------------------+
(est4 stored)
(dropped 69 singleton observations)
(MWFE estimator converged in 6 iterations)

HDFE Linear regression                            Number of obs   =      1,691
Absorbing 2 HDFE groups                           F(   1,    323) =       0.16
Statistics robust to heteroskedasticity           Prob > F        =     0.6865
                                                  R-squared       =     0.9508
                                                  Adj R-squared   =     0.9370
                                                  Within R-sq.    =     0.0002
Number of clusters (zipbr)   =        324         Root MSE        =     0.2466

                                (Std. err. adjusted for 324 clusters in zipbr)
------------------------------------------------------------------------------
             |               Robust
logdepsumb~w | Coefficient  std. err.      t    P>|t|     [95% conf. interval]
-------------+----------------------------------------------------------------
traffic_plot |  -.0101772   .0251891    -0.40   0.686    -.0597326    .0393781
       _cons |   10.45399   .3854367    27.12   0.000     9.695704    11.21227
------------------------------------------------------------------------------

Absorbed degrees of freedom:
-----------------------------------------------------+
 Absorbed FE | Categories  - Redundant  = Num. Coefs |
-------------+---------------------------------------|
        year |         6           0           6     |
    id_store |       365           1         364     |
-----------------------------------------------------+
(est5 stored)
(dropped 69 singleton observations)
(MWFE estimator converged in 6 iterations)

HDFE Linear regression                            Number of obs   =      1,691
Absorbing 2 HDFE groups                           F(   1,    323) =       0.27
Statistics robust to heteroskedasticity           Prob > F        =     0.6056
                                                  R-squared       =     0.9508
                                                  Adj R-squared   =     0.9370
                                                  Within R-sq.    =     0.0005
Number of clusters (zipbr)   =        324         Root MSE        =     0.2466

                                        (Std. err. adjusted for 324 clusters in zipbr)
--------------------------------------------------------------------------------------
                     |               Robust
       logdepsumbr_w | Coefficient  std. err.      t    P>|t|     [95% conf. interval]
---------------------+----------------------------------------------------------------
traffic_store_or_p~t |  -.0177142   .0342685    -0.52   0.606    -.0851318    .0497034
               _cons |   10.34658   .5090471    20.33   0.000     9.345116    11.34805
--------------------------------------------------------------------------------------

Absorbed degrees of freedom:
-----------------------------------------------------+
 Absorbed FE | Categories  - Redundant  = Num. Coefs |
-------------+---------------------------------------|
        year |         6           0           6     |
    id_store |       365           1         364     |
-----------------------------------------------------+
(est6 stored)

.         esttab using "$tabdir/advan report/Table_smallbanks.tex", replace ///
>         nodepvars nomti nonum collabels(none) label b(3) se(3) parentheses ///
>         star(* 0.10 ** 0.05 *** 0.01) ar2 plain lines fragment noconstant
(file /Users/zsong98/Dropbox (Chicago Booth)/Bank Foot Traffic/output/tables/zs/advan
    report/Table_smallbanks.tex not found)
(output written to /Users/zsong98/Dropbox (Chicago Booth)/Bank Foot Traffic/output/tabl
> es/zs/advan report/Table_smallbanks.tex)

.         * clear storeed est
.         eststo clear

. restore

. 
end of do-file

. help egen

. do "C:\Users\zsong98\AppData\Local\Temp\STD2184_000000.tmp"

. use "$datadir/temp_annual_dep_traffic", replace

. preserve

.         collapse (mean) asset, by(rssdid)

.         egen median_asset = pctile(10)

.         gen large_bank = 1 if asset >= median_asset

.         replace large_bank = 0 if asset < median_asset
(0 real changes made)

.         tab large_bank

 large_bank |      Freq.     Percent        Cum.
------------+-----------------------------------
          1 |        193      100.00      100.00
------------+-----------------------------------
      Total |        193      100.00

.         tempfile asset_median_split

.         save `asset_median_split'
file C:\Users\zsong98\AppData\Local\Temp\ST_2184_000002.tmp saved as .dta format

. restore

. fmerge m:1 rssdid using `asset_median_split', keepusing(large_bank) nogen

    Result                           # of obs.
    -----------------------------------------
    not matched                             0
    matched                           172,532  
    -----------------------------------------

. tab large_bank

 large_bank |      Freq.     Percent        Cum.
------------+-----------------------------------
          1 |    172,532      100.00      100.00
------------+-----------------------------------
      Total |    172,532      100.00

. 
end of do-file

. do "C:\Users\zsong98\AppData\Local\Temp\STD2184_000000.tmp"

. use "$datadir/temp_annual_dep_traffic", replace

. preserve

.         collapse (mean) asset, by(rssdid)

.         egen median_asset = pctile(90)

.         gen large_bank = 1 if asset >= median_asset

.         replace large_bank = 0 if asset < median_asset
(0 real changes made)

.         tab large_bank

 large_bank |      Freq.     Percent        Cum.
------------+-----------------------------------
          1 |        193      100.00      100.00
------------+-----------------------------------
      Total |        193      100.00

.         tempfile asset_median_split

.         save `asset_median_split'
file C:\Users\zsong98\AppData\Local\Temp\ST_2184_000002.tmp saved as .dta format

. restore

. fmerge m:1 rssdid using `asset_median_split', keepusing(large_bank) nogen

    Result                           # of obs.
    -----------------------------------------
    not matched                             0
    matched                           172,532  
    -----------------------------------------

. tab large_bank

 large_bank |      Freq.     Percent        Cum.
------------+-----------------------------------
          1 |    172,532      100.00      100.00
------------+-----------------------------------
      Total |    172,532      100.00

. 
end of do-file

. help egen

. do "C:\Users\zsong98\AppData\Local\Temp\STD2184_000000.tmp"

. use "$datadir/temp_annual_dep_traffic", replace

. preserve

.         collapse (mean) asset, by(rssdid)

.         egen median_asset = pctile(75)

.         gen large_bank = 1 if asset >= median_asset

.         replace large_bank = 0 if asset < median_asset
(0 real changes made)

.         tab large_bank

 large_bank |      Freq.     Percent        Cum.
------------+-----------------------------------
          1 |        193      100.00      100.00
------------+-----------------------------------
      Total |        193      100.00

.         tempfile asset_median_split

.         save `asset_median_split'
file C:\Users\zsong98\AppData\Local\Temp\ST_2184_000002.tmp saved as .dta format

. restore

. fmerge m:1 rssdid using `asset_median_split', keepusing(large_bank) nogen

    Result                           # of obs.
    -----------------------------------------
    not matched                             0
    matched                           172,532  
    -----------------------------------------

. tab large_bank

 large_bank |      Freq.     Percent        Cum.
------------+-----------------------------------
          1 |    172,532      100.00      100.00
------------+-----------------------------------
      Total |    172,532      100.00

. 
end of do-file

. do "C:\Users\zsong98\AppData\Local\Temp\STD2184_000000.tmp"

. use "$datadir/temp_annual_dep_traffic", replace

. preserve

.         collapse (mean) asset, by(rssdid)

.         egen median_asset = pctile(50)

.         gen large_bank = 1 if asset >= median_asset

.         replace large_bank = 0 if asset < median_asset
(0 real changes made)

.         tab large_bank

 large_bank |      Freq.     Percent        Cum.
------------+-----------------------------------
          1 |        193      100.00      100.00
------------+-----------------------------------
      Total |        193      100.00

.         tempfile asset_median_split

.         save `asset_median_split'
file C:\Users\zsong98\AppData\Local\Temp\ST_2184_000002.tmp saved as .dta format

. restore

. fmerge m:1 rssdid using `asset_median_split', keepusing(large_bank) nogen

    Result                           # of obs.
    -----------------------------------------
    not matched                             0
    matched                           172,532  
    -----------------------------------------

. tab large_bank

 large_bank |      Freq.     Percent        Cum.
------------+-----------------------------------
          1 |    172,532      100.00      100.00
------------+-----------------------------------
      Total |    172,532      100.00

. 
end of do-file

. do "C:\Users\zsong98\AppData\Local\Temp\STD2184_000000.tmp"

. use "$datadir/temp_annual_dep_traffic", replace

. 
end of do-file

. do "C:\Users\zsong98\AppData\Local\Temp\STD2184_000000.tmp"

.         collapse (mean) asset, by(rssdid)

.         egen median_asset = pctile(50)

. 
end of do-file

. tab median_asset

median_asse |
          t |      Freq.     Percent        Cum.
------------+-----------------------------------
         50 |        193      100.00      100.00
------------+-----------------------------------
      Total |        193      100.00

. br

. help egen

. do "C:\Users\zsong98\AppData\Local\Temp\STD2184_000000.tmp"

. use "$datadir/temp_annual_dep_traffic", replace

. preserve

.         collapse (mean) asset, by(rssdid)

.         egen median_asset = pctile(asset), p(10)

.         gen large_bank = 1 if asset >= median_asset
(19 missing values generated)

.         replace large_bank = 0 if asset < median_asset
(19 real changes made)

.         tab large_bank

 large_bank |      Freq.     Percent        Cum.
------------+-----------------------------------
          0 |         19        9.84        9.84
          1 |        174       90.16      100.00
------------+-----------------------------------
      Total |        193      100.00

.         tempfile asset_median_split

.         save `asset_median_split'
file C:\Users\zsong98\AppData\Local\Temp\ST_2184_000002.tmp saved as .dta format

. restore

. fmerge m:1 rssdid using `asset_median_split', keepusing(large_bank) nogen

    Result                           # of obs.
    -----------------------------------------
    not matched                             0
    matched                           172,532  
    -----------------------------------------

. tab large_bank

 large_bank |      Freq.     Percent        Cum.
------------+-----------------------------------
          0 |         80        0.05        0.05
          1 |    172,452       99.95      100.00
------------+-----------------------------------
      Total |    172,532      100.00

. 
end of do-file

. do "C:\Users\zsong98\AppData\Local\Temp\STD2184_000000.tmp"

. use "$datadir/temp_annual_dep_traffic", replace

. preserve

.         collapse (mean) asset, by(rssdid)

.         egen median_asset = pctile(asset), p(75)

.         gen large_bank = 1 if asset >= median_asset
(145 missing values generated)

.         replace large_bank = 0 if asset < median_asset
(145 real changes made)

.         tab large_bank

 large_bank |      Freq.     Percent        Cum.
------------+-----------------------------------
          0 |        145       75.13       75.13
          1 |         48       24.87      100.00
------------+-----------------------------------
      Total |        193      100.00

.         tempfile asset_median_split

.         save `asset_median_split'
file C:\Users\zsong98\AppData\Local\Temp\ST_2184_000002.tmp saved as .dta format

. restore

. fmerge m:1 rssdid using `asset_median_split', keepusing(large_bank) nogen

    Result                           # of obs.
    -----------------------------------------
    not matched                             0
    matched                           172,532  
    -----------------------------------------

. tab large_bank

 large_bank |      Freq.     Percent        Cum.
------------+-----------------------------------
          0 |      9,597        5.56        5.56
          1 |    162,935       94.44      100.00
------------+-----------------------------------
      Total |    172,532      100.00

. 
end of do-file

. do "C:\Users\zsong98\AppData\Local\Temp\STD2184_000000.tmp"

. use "$datadir/temp_annual_dep_traffic", replace

. preserve

.         collapse (mean) asset, by(rssdid)

.         egen median_asset = pctile(asset), p(90)

.         gen large_bank = 1 if asset >= median_asset
(174 missing values generated)

.         replace large_bank = 0 if asset < median_asset
(174 real changes made)

.         tab large_bank

 large_bank |      Freq.     Percent        Cum.
------------+-----------------------------------
          0 |        174       90.16       90.16
          1 |         19        9.84      100.00
------------+-----------------------------------
      Total |        193      100.00

.         tempfile asset_median_split

.         save `asset_median_split'
file C:\Users\zsong98\AppData\Local\Temp\ST_2184_000002.tmp saved as .dta format

. restore

. fmerge m:1 rssdid using `asset_median_split', keepusing(large_bank) nogen

    Result                           # of obs.
    -----------------------------------------
    not matched                             0
    matched                           172,532  
    -----------------------------------------

. tab large_bank

 large_bank |      Freq.     Percent        Cum.
------------+-----------------------------------
          0 |     27,132       15.73       15.73
          1 |    145,400       84.27      100.00
------------+-----------------------------------
      Total |    172,532      100.00

. 
end of do-file

. do "C:\Users\zsong98\AppData\Local\Temp\STD2184_000000.tmp"

. use "$datadir/temp_annual_dep_traffic", replace

. preserve

.         collapse (mean) asset, by(rssdid)

.         egen 90_asset = pctile(asset), p(90)
90_asset invalid name
r(198);

end of do-file

r(198);

. do "C:\Users\zsong98\AppData\Local\Temp\STD2184_000000.tmp"

. use "$datadir/temp_annual_dep_traffic", replace

. preserve

.         collapse (mean) asset, by(rssdid)

.         egen median_asset = pctile(asset), p(90)

.         gen large_bank = 1 if asset >= median_asset
(174 missing values generated)

.         replace large_bank = 0 if asset < median_asset
(174 real changes made)

.         tab large_bank

 large_bank |      Freq.     Percent        Cum.
------------+-----------------------------------
          0 |        174       90.16       90.16
          1 |         19        9.84      100.00
------------+-----------------------------------
      Total |        193      100.00

.         tempfile asset_median_split

.         save `asset_median_split'
file C:\Users\zsong98\AppData\Local\Temp\ST_2184_000002.tmp saved as .dta format

. restore

. fmerge m:1 rssdid using `asset_median_split', keepusing(large_bank) nogen

    Result                           # of obs.
    -----------------------------------------
    not matched                             0
    matched                           172,532  
    -----------------------------------------

. tab large_bank

 large_bank |      Freq.     Percent        Cum.
------------+-----------------------------------
          0 |     27,132       15.73       15.73
          1 |    145,400       84.27      100.00
------------+-----------------------------------
      Total |    172,532      100.00

. * 99 percent of obs are from large banks, so splitting by bank size doesn't quite wor
> k... Still below are the results
. 
. preserve 

.         keep if large_bank == 1
(27,132 observations deleted)

.         foreach var of varlist devices_store devices_plot devices_store_or_plot traff
> ic_store traffic_plot traffic_store_or_plot {
  2.                 eststo: reghdfe logdepsumbr_w `var', absorb(year id_store) vce(cl 
> zipbr)
  3.         }
(dropped 503 singleton observations)
(MWFE estimator converged in 5 iterations)

HDFE Linear regression                            Number of obs   =    144,897
Absorbing 2 HDFE groups                           F(   1,   9393) =     120.65
Statistics robust to heteroskedasticity           Prob > F        =     0.0000
                                                  R-squared       =     0.9584
                                                  Adj R-squared   =     0.9488
                                                  Within R-sq.    =     0.0032
Number of clusters (zipbr)   =      9,394         Root MSE        =     0.2217

                               (Std. err. adjusted for 9,394 clusters in zipbr)
-------------------------------------------------------------------------------
              |               Robust
logdepsumbr_w | Coefficient  std. err.      t    P>|t|     [95% conf. interval]
--------------+----------------------------------------------------------------
devices_store |   .0342271   .0031161    10.98   0.000     .0281189    .0403354
        _cons |   11.22094   .0042142  2662.62   0.000     11.21267     11.2292
-------------------------------------------------------------------------------

Absorbed degrees of freedom:
-----------------------------------------------------+
 Absorbed FE | Categories  - Redundant  = Num. Coefs |
-------------+---------------------------------------|
        year |         6           0           6     |
    id_store |     26981           1       26980     |
-----------------------------------------------------+
(est1 stored)
(dropped 503 singleton observations)
(MWFE estimator converged in 5 iterations)

HDFE Linear regression                            Number of obs   =    144,897
Absorbing 2 HDFE groups                           F(   1,   9393) =     142.81
Statistics robust to heteroskedasticity           Prob > F        =     0.0000
                                                  R-squared       =     0.9584
                                                  Adj R-squared   =     0.9489
                                                  Within R-sq.    =     0.0036
Number of clusters (zipbr)   =      9,394         Root MSE        =     0.2217

                              (Std. err. adjusted for 9,394 clusters in zipbr)
------------------------------------------------------------------------------
             |               Robust
logdepsumb~w | Coefficient  std. err.      t    P>|t|     [95% conf. interval]
-------------+----------------------------------------------------------------
devices_plot |   .0397235    .003324    11.95   0.000     .0332077    .0462393
       _cons |   11.18877   .0065652  1704.25   0.000      11.1759    11.20164
------------------------------------------------------------------------------

Absorbed degrees of freedom:
-----------------------------------------------------+
 Absorbed FE | Categories  - Redundant  = Num. Coefs |
-------------+---------------------------------------|
        year |         6           0           6     |
    id_store |     26981           1       26980     |
-----------------------------------------------------+
(est2 stored)
(dropped 503 singleton observations)
(MWFE estimator converged in 5 iterations)

HDFE Linear regression                            Number of obs   =    144,897
Absorbing 2 HDFE groups                           F(   1,   9393) =     137.03
Statistics robust to heteroskedasticity           Prob > F        =     0.0000
                                                  R-squared       =     0.9584
                                                  Adj R-squared   =     0.9489
                                                  Within R-sq.    =     0.0036
Number of clusters (zipbr)   =      9,394         Root MSE        =     0.2217

                                      (Std. err. adjusted for 9,394 clusters in zipbr)
--------------------------------------------------------------------------------------
                     |               Robust
       logdepsumbr_w | Coefficient  std. err.      t    P>|t|     [95% conf. interval]
---------------------+----------------------------------------------------------------
devices_store_or_p~t |   .0437202   .0037349    11.71   0.000      .036399    .0510414
               _cons |   11.16212   .0089791  1243.12   0.000     11.14452    11.17972
--------------------------------------------------------------------------------------

Absorbed degrees of freedom:
-----------------------------------------------------+
 Absorbed FE | Categories  - Redundant  = Num. Coefs |
-------------+---------------------------------------|
        year |         6           0           6     |
    id_store |     26981           1       26980     |
-----------------------------------------------------+
(est3 stored)
(dropped 503 singleton observations)
(MWFE estimator converged in 5 iterations)

HDFE Linear regression                            Number of obs   =    144,897
Absorbing 2 HDFE groups                           F(   1,   9393) =      91.90
Statistics robust to heteroskedasticity           Prob > F        =     0.0000
                                                  R-squared       =     0.9583
                                                  Adj R-squared   =     0.9488
                                                  Within R-sq.    =     0.0025
Number of clusters (zipbr)   =      9,394         Root MSE        =     0.2218

                               (Std. err. adjusted for 9,394 clusters in zipbr)
-------------------------------------------------------------------------------
              |               Robust
logdepsumbr_w | Coefficient  std. err.      t    P>|t|     [95% conf. interval]
--------------+----------------------------------------------------------------
traffic_store |   .0294605   .0030732     9.59   0.000     .0234363    .0354847
        _cons |   11.71258   .0464602   252.10   0.000     11.62151    11.80365
-------------------------------------------------------------------------------

Absorbed degrees of freedom:
-----------------------------------------------------+
 Absorbed FE | Categories  - Redundant  = Num. Coefs |
-------------+---------------------------------------|
        year |         6           0           6     |
    id_store |     26981           1       26980     |
-----------------------------------------------------+
(est4 stored)
(dropped 503 singleton observations)
(MWFE estimator converged in 5 iterations)

HDFE Linear regression                            Number of obs   =    144,897
Absorbing 2 HDFE groups                           F(   1,   9393) =     106.47
Statistics robust to heteroskedasticity           Prob > F        =     0.0000
                                                  R-squared       =     0.9583
                                                  Adj R-squared   =     0.9488
                                                  Within R-sq.    =     0.0027
Number of clusters (zipbr)   =      9,394         Root MSE        =     0.2218

                              (Std. err. adjusted for 9,394 clusters in zipbr)
------------------------------------------------------------------------------
             |               Robust
logdepsumb~w | Coefficient  std. err.      t    P>|t|     [95% conf. interval]
-------------+----------------------------------------------------------------
traffic_plot |   .0342969   .0033239    10.32   0.000     .0277814    .0408125
       _cons |   11.76435   .0481796   244.18   0.000      11.6699    11.85879
------------------------------------------------------------------------------

Absorbed degrees of freedom:
-----------------------------------------------------+
 Absorbed FE | Categories  - Redundant  = Num. Coefs |
-------------+---------------------------------------|
        year |         6           0           6     |
    id_store |     26981           1       26980     |
-----------------------------------------------------+
(est5 stored)
(dropped 503 singleton observations)
(MWFE estimator converged in 5 iterations)

HDFE Linear regression                            Number of obs   =    144,897
Absorbing 2 HDFE groups                           F(   1,   9393) =      98.13
Statistics robust to heteroskedasticity           Prob > F        =     0.0000
                                                  R-squared       =     0.9583
                                                  Adj R-squared   =     0.9488
                                                  Within R-sq.    =     0.0026
Number of clusters (zipbr)   =      9,394         Root MSE        =     0.2218

                                      (Std. err. adjusted for 9,394 clusters in zipbr)
--------------------------------------------------------------------------------------
                     |               Robust
       logdepsumbr_w | Coefficient  std. err.      t    P>|t|     [95% conf. interval]
---------------------+----------------------------------------------------------------
traffic_store_or_p~t |   .0363442   .0036688     9.91   0.000     .0291525    .0435358
               _cons |   11.77842   .0516051   228.24   0.000     11.67727    11.87958
--------------------------------------------------------------------------------------

Absorbed degrees of freedom:
-----------------------------------------------------+
 Absorbed FE | Categories  - Redundant  = Num. Coefs |
-------------+---------------------------------------|
        year |         6           0           6     |
    id_store |     26981           1       26980     |
-----------------------------------------------------+
(est6 stored)

.         esttab using "$tabdir/advan report/Table_largebanks.tex", replace ///
>         nodepvars nomti nonum collabels(none) label b(3) se(3) parentheses ///
>         star(* 0.10 ** 0.05 *** 0.01) ar2 plain lines fragment noconstant
(output written to /Users/zsong98/Dropbox (Chicago Booth)/Bank Foot Traffic/output/tabl
> es/zs/advan report/Table_largebanks.tex)

.         * clear storeed est
.         eststo clear

. restore

. preserve

.         keep if large_bank == 0
(145,400 observations deleted)

.         foreach var of varlist devices_store devices_plot devices_store_or_plot traff
> ic_store traffic_plot traffic_store_or_plot {
  2.                 eststo: reghdfe logdepsumbr_w `var', absorb(year id_store) vce(cl 
> zipbr)
  3.         }
(dropped 780 singleton observations)
(MWFE estimator converged in 5 iterations)

HDFE Linear regression                            Number of obs   =     26,352
Absorbing 2 HDFE groups                           F(   1,   3554) =      22.46
Statistics robust to heteroskedasticity           Prob > F        =     0.0000
                                                  R-squared       =     0.9465
                                                  Adj R-squared   =     0.9345
                                                  Within R-sq.    =     0.0025
Number of clusters (zipbr)   =      3,555         Root MSE        =     0.2325

                               (Std. err. adjusted for 3,555 clusters in zipbr)
-------------------------------------------------------------------------------
              |               Robust
logdepsumbr_w | Coefficient  std. err.      t    P>|t|     [95% conf. interval]
--------------+----------------------------------------------------------------
devices_store |   .0296352   .0062537     4.74   0.000      .017374    .0418963
        _cons |   10.85226   .0048446  2240.06   0.000     10.84276    10.86176
-------------------------------------------------------------------------------

Absorbed degrees of freedom:
-----------------------------------------------------+
 Absorbed FE | Categories  - Redundant  = Num. Coefs |
-------------+---------------------------------------|
        year |         6           0           6     |
    id_store |      4818           1        4817     |
-----------------------------------------------------+
(est1 stored)
(dropped 780 singleton observations)
(MWFE estimator converged in 5 iterations)

HDFE Linear regression                            Number of obs   =     26,352
Absorbing 2 HDFE groups                           F(   1,   3554) =      24.59
Statistics robust to heteroskedasticity           Prob > F        =     0.0000
                                                  R-squared       =     0.9465
                                                  Adj R-squared   =     0.9345
                                                  Within R-sq.    =     0.0024
Number of clusters (zipbr)   =      3,555         Root MSE        =     0.2325

                              (Std. err. adjusted for 3,555 clusters in zipbr)
------------------------------------------------------------------------------
             |               Robust
logdepsumb~w | Coefficient  std. err.      t    P>|t|     [95% conf. interval]
-------------+----------------------------------------------------------------
devices_plot |     .03255   .0065646     4.96   0.000     .0196793    .0454206
       _cons |    10.8308   .0089608  1208.68   0.000     10.81323    10.84837
------------------------------------------------------------------------------

Absorbed degrees of freedom:
-----------------------------------------------------+
 Absorbed FE | Categories  - Redundant  = Num. Coefs |
-------------+---------------------------------------|
        year |         6           0           6     |
    id_store |      4818           1        4817     |
-----------------------------------------------------+
(est2 stored)
(dropped 780 singleton observations)
(MWFE estimator converged in 5 iterations)

HDFE Linear regression                            Number of obs   =     26,352
Absorbing 2 HDFE groups                           F(   1,   3554) =      21.66
Statistics robust to heteroskedasticity           Prob > F        =     0.0000
                                                  R-squared       =     0.9465
                                                  Adj R-squared   =     0.9345
                                                  Within R-sq.    =     0.0024
Number of clusters (zipbr)   =      3,555         Root MSE        =     0.2325

                                      (Std. err. adjusted for 3,555 clusters in zipbr)
--------------------------------------------------------------------------------------
                     |               Robust
       logdepsumbr_w | Coefficient  std. err.      t    P>|t|     [95% conf. interval]
---------------------+----------------------------------------------------------------
devices_store_or_p~t |   .0354053   .0076068     4.65   0.000     .0204911    .0503195
               _cons |   10.81082   .0138344   781.44   0.000      10.7837    10.83795
--------------------------------------------------------------------------------------

Absorbed degrees of freedom:
-----------------------------------------------------+
 Absorbed FE | Categories  - Redundant  = Num. Coefs |
-------------+---------------------------------------|
        year |         6           0           6     |
    id_store |      4818           1        4817     |
-----------------------------------------------------+
(est3 stored)
(dropped 780 singleton observations)
(MWFE estimator converged in 5 iterations)

HDFE Linear regression                            Number of obs   =     26,352
Absorbing 2 HDFE groups                           F(   1,   3554) =      22.97
Statistics robust to heteroskedasticity           Prob > F        =     0.0000
                                                  R-squared       =     0.9465
                                                  Adj R-squared   =     0.9345
                                                  Within R-sq.    =     0.0026
Number of clusters (zipbr)   =      3,555         Root MSE        =     0.2325

                               (Std. err. adjusted for 3,555 clusters in zipbr)
-------------------------------------------------------------------------------
              |               Robust
logdepsumbr_w | Coefficient  std. err.      t    P>|t|     [95% conf. interval]
--------------+----------------------------------------------------------------
traffic_store |   .0295621   .0061676     4.79   0.000     .0174698    .0416544
        _cons |   11.34032   .0970388   116.86   0.000     11.15006    11.53058
-------------------------------------------------------------------------------

Absorbed degrees of freedom:
-----------------------------------------------------+
 Absorbed FE | Categories  - Redundant  = Num. Coefs |
-------------+---------------------------------------|
        year |         6           0           6     |
    id_store |      4818           1        4817     |
-----------------------------------------------------+
(est4 stored)
(dropped 780 singleton observations)
(MWFE estimator converged in 5 iterations)

HDFE Linear regression                            Number of obs   =     26,352
Absorbing 2 HDFE groups                           F(   1,   3554) =      25.44
Statistics robust to heteroskedasticity           Prob > F        =     0.0000
                                                  R-squared       =     0.9465
                                                  Adj R-squared   =     0.9345
                                                  Within R-sq.    =     0.0025
Number of clusters (zipbr)   =      3,555         Root MSE        =     0.2325

                              (Std. err. adjusted for 3,555 clusters in zipbr)
------------------------------------------------------------------------------
             |               Robust
logdepsumb~w | Coefficient  std. err.      t    P>|t|     [95% conf. interval]
-------------+----------------------------------------------------------------
traffic_plot |   .0326232   .0064678     5.04   0.000     .0199422    .0453042
       _cons |   11.36923    .097943   116.08   0.000      11.1772    11.56126
------------------------------------------------------------------------------

Absorbed degrees of freedom:
-----------------------------------------------------+
 Absorbed FE | Categories  - Redundant  = Num. Coefs |
-------------+---------------------------------------|
        year |         6           0           6     |
    id_store |      4818           1        4817     |
-----------------------------------------------------+
(est5 stored)
(dropped 780 singleton observations)
(MWFE estimator converged in 5 iterations)

HDFE Linear regression                            Number of obs   =     26,352
Absorbing 2 HDFE groups                           F(   1,   3554) =      22.24
Statistics robust to heteroskedasticity           Prob > F        =     0.0000
                                                  R-squared       =     0.9465
                                                  Adj R-squared   =     0.9345
                                                  Within R-sq.    =     0.0024
Number of clusters (zipbr)   =      3,555         Root MSE        =     0.2325

                                      (Std. err. adjusted for 3,555 clusters in zipbr)
--------------------------------------------------------------------------------------
                     |               Robust
       logdepsumbr_w | Coefficient  std. err.      t    P>|t|     [95% conf. interval]
---------------------+----------------------------------------------------------------
traffic_store_or_p~t |   .0348539   .0073898     4.72   0.000     .0203651    .0493426
               _cons |   11.38719   .1085516   104.90   0.000     11.17436    11.60002
--------------------------------------------------------------------------------------

Absorbed degrees of freedom:
-----------------------------------------------------+
 Absorbed FE | Categories  - Redundant  = Num. Coefs |
-------------+---------------------------------------|
        year |         6           0           6     |
    id_store |      4818           1        4817     |
-----------------------------------------------------+
(est6 stored)

.         esttab using "$tabdir/advan report/Table_smallbanks.tex", replace ///
>         nodepvars nomti nonum collabels(none) label b(3) se(3) parentheses ///
>         star(* 0.10 ** 0.05 *** 0.01) ar2 plain lines fragment noconstant
(output written to /Users/zsong98/Dropbox (Chicago Booth)/Bank Foot Traffic/output/tabl
> es/zs/advan report/Table_smallbanks.tex)

.         * clear storeed est
.         eststo clear

. restore

. 
end of do-file

. do "C:\Users\zsong98\AppData\Local\Temp\STD2184_000000.tmp"

. * create crosswalk between advan foot traffic data store_id and sod branch id
. local fname cr_advan_sod_crosswalk

. 
. ******************************* SYNOPSIS ***************************************
. /* 
> 
> 
> Author: Zirui Song
> Date Created: Jul 14th, 2022
> Date Modified: Dec 4th, 2022
> 
> */
. 
. /**************
>         Basic Set-up
>         ***************/
.         clear all

.         set more off, permanently
(set more preference recorded)

.         capture log close
